Component: ARM Compiler 5.06 update 7 (build 960) Tool: armlink [4d3601]

==============================================================================

Section Cross References

    startup_stm32f103xb.o(RESET) refers to startup_stm32f103xb.o(STACK) for __initial_sp
    startup_stm32f103xb.o(RESET) refers to startup_stm32f103xb.o(.text) for Reset_Handler
    startup_stm32f103xb.o(RESET) refers to stm32f1xx_it.o(i.NMI_Handler) for NMI_Handler
    startup_stm32f103xb.o(RESET) refers to stm32f1xx_it.o(i.HardFault_Handler) for HardFault_Handler
    startup_stm32f103xb.o(RESET) refers to stm32f1xx_it.o(i.MemManage_Handler) for MemManage_Handler
    startup_stm32f103xb.o(RESET) refers to stm32f1xx_it.o(i.BusFault_Handler) for BusFault_Handler
    startup_stm32f103xb.o(RESET) refers to stm32f1xx_it.o(i.UsageFault_Handler) for UsageFault_Handler
    startup_stm32f103xb.o(RESET) refers to port.o(.emb_text) for SVC_Handler
    startup_stm32f103xb.o(RESET) refers to stm32f1xx_it.o(i.DebugMon_Handler) for DebugMon_Handler
    startup_stm32f103xb.o(RESET) refers to port.o(i.SysTick_Handler) for SysTick_Handler
    startup_stm32f103xb.o(RESET) refers to stm32f1xx_it.o(i.TIM1_UP_IRQHandler) for TIM1_UP_IRQHandler
    startup_stm32f103xb.o(.text) refers to system_stm32f1xx.o(i.SystemInit) for SystemInit
    startup_stm32f103xb.o(.text) refers to entry.o(.ARM.Collect$$$$00000000) for __main
    main.o(i.DHT11_Check_Response) refers to main.o(i.delay) for delay
    main.o(i.DHT11_Check_Response) refers to stm32f1xx_hal_gpio.o(i.HAL_GPIO_ReadPin) for HAL_GPIO_ReadPin
    main.o(i.DHT11_Read) refers to stm32f1xx_hal_gpio.o(i.HAL_GPIO_ReadPin) for HAL_GPIO_ReadPin
    main.o(i.DHT11_Read) refers to main.o(i.delay) for delay
    main.o(i.DHT11_Start) refers to main.o(i.Set_Pin_Output) for Set_Pin_Output
    main.o(i.DHT11_Start) refers to stm32f1xx_hal_gpio.o(i.HAL_GPIO_WritePin) for HAL_GPIO_WritePin
    main.o(i.DHT11_Start) refers to main.o(i.delay) for delay
    main.o(i.DHT11_Start) refers to main.o(i.Set_Pin_Input) for Set_Pin_Input
    main.o(i.HAL_TIM_PeriodElapsedCallback) refers to stm32f1xx_hal.o(i.HAL_IncTick) for HAL_IncTick
    main.o(i.MX_GPIO_Init) refers to stm32f1xx_hal_gpio.o(i.HAL_GPIO_WritePin) for HAL_GPIO_WritePin
    main.o(i.MX_GPIO_Init) refers to stm32f1xx_hal_gpio.o(i.HAL_GPIO_Init) for HAL_GPIO_Init
    main.o(i.MX_SPI1_Init) refers to stm32f1xx_hal_spi.o(i.HAL_SPI_Init) for HAL_SPI_Init
    main.o(i.MX_SPI1_Init) refers to main.o(.bss) for .bss
    main.o(i.MX_TIM2_Init) refers to stm32f1xx_hal_tim.o(i.HAL_TIM_Base_Init) for HAL_TIM_Base_Init
    main.o(i.MX_TIM2_Init) refers to stm32f1xx_hal_tim.o(i.HAL_TIM_ConfigClockSource) for HAL_TIM_ConfigClockSource
    main.o(i.MX_TIM2_Init) refers to stm32f1xx_hal_tim_ex.o(i.HAL_TIMEx_MasterConfigSynchronization) for HAL_TIMEx_MasterConfigSynchronization
    main.o(i.MX_TIM2_Init) refers to main.o(.bss) for .bss
    main.o(i.Set_Pin_Input) refers to stm32f1xx_hal_gpio.o(i.HAL_GPIO_Init) for HAL_GPIO_Init
    main.o(i.Set_Pin_Output) refers to stm32f1xx_hal_gpio.o(i.HAL_GPIO_Init) for HAL_GPIO_Init
    main.o(i.StartDefaultTask) refers to main.o(i.confDS1307) for confDS1307
    main.o(i.StartDefaultTask) refers to ds1307.o(i.DS1307_SetTime) for DS1307_SetTime
    main.o(i.StartDefaultTask) refers to i2c-lcd.o(i.lcd_init) for lcd_init
    main.o(i.StartDefaultTask) refers to rc522.o(i.MFRC522_Init) for MFRC522_Init
    main.o(i.StartDefaultTask) refers to i2c-lcd.o(i.lcd_clear_display) for lcd_clear_display
    main.o(i.StartDefaultTask) refers to stm32f1xx_hal.o(i.HAL_Delay) for HAL_Delay
    main.o(i.StartDefaultTask) refers to main.o(i.DHT11_Start) for DHT11_Start
    main.o(i.StartDefaultTask) refers to main.o(i.DHT11_Check_Response) for DHT11_Check_Response
    main.o(i.StartDefaultTask) refers to main.o(i.DHT11_Read) for DHT11_Read
    main.o(i.StartDefaultTask) refers to printf8.o(i.__0sprintf$8) for __2sprintf
    main.o(i.StartDefaultTask) refers to i2c-lcd.o(i.lcd_goto_XY) for lcd_goto_XY
    main.o(i.StartDefaultTask) refers to i2c-lcd.o(i.lcd_send_string) for lcd_send_string
    main.o(i.StartDefaultTask) refers to i2c-lcd.o(i.lcd_send_data) for lcd_send_data
    main.o(i.StartDefaultTask) refers to stm32f1xx_hal_gpio.o(i.HAL_GPIO_ReadPin) for HAL_GPIO_ReadPin
    main.o(i.StartDefaultTask) refers to rc522.o(i.MFRC522_Check) for MFRC522_Check
    main.o(i.StartDefaultTask) refers to flash.o(i.Flash_ProgramPage) for Flash_ProgramPage
    main.o(i.StartDefaultTask) refers to flash.o(i.Flash_ReadChar) for Flash_ReadChar
    main.o(i.StartDefaultTask) refers to strcmp.o(.text) for strcmp
    main.o(i.StartDefaultTask) refers to stm32f1xx_hal_gpio.o(i.HAL_GPIO_TogglePin) for HAL_GPIO_TogglePin
    main.o(i.StartDefaultTask) refers to stm32f1xx_hal_gpio.o(i.HAL_GPIO_WritePin) for HAL_GPIO_WritePin
    main.o(i.StartDefaultTask) refers to main.o(.data) for .data
    main.o(i.StartDefaultTask) refers to main.o(.bss) for .bss
[...]
    ../clib/microlib/init/entry.s            0x00000000   Number         0  entry10b.o ABSOLUTE
    ../clib/microlib/init/entry.s            0x00000000   Number         0  entry10a.o ABSOLUTE
    ../clib/microlib/init/entry.s            0x00000000   Number         0  entry.o ABSOLUTE
    ../clib/microlib/init/entry.s            0x00000000   Number         0  entry2.o ABSOLUTE
    ../clib/microlib/init/entry.s            0x00000000   Number         0  entry9b.o ABSOLUTE
    ../clib/microlib/longlong.c              0x00000000   Number         0  llushr.o ABSOLUTE
    ../clib/microlib/longlong.c              0x00000000   Number         0  llsshr.o ABSOLUTE
    ../clib/microlib/longlong.c              0x00000000   Number         0  llshl.o ABSOLUTE
    ../clib/microlib/printf/printf.c         0x00000000   Number         0  printf2.o ABSOLUTE
    ../clib/microlib/printf/printf.c         0x00000000   Number         0  printf3.o ABSOLUTE
    ../clib/microlib/printf/printf.c         0x00000000   Number         0  printf0.o ABSOLUTE
    ../clib/microlib/printf/printf.c         0x00000000   Number         0  printf5.o ABSOLUTE
    ../clib/microlib/printf/printf.c         0x00000000   Number         0  printf6.o ABSOLUTE
    ../clib/microlib/printf/printf.c         0x00000000   Number         0  printfb.o ABSOLUTE
    ../clib/microlib/printf/printf.c         0x00000000   Number         0  printf7.o ABSOLUTE
    ../clib/microlib/printf/printf.c         0x00000000   Number         0  printf8.o ABSOLUTE
    ../clib/microlib/printf/printf.c         0x00000000   Number         0  printfa.o ABSOLUTE
    ../clib/microlib/printf/printf.c         0x00000000   Number         0  printf1.o ABSOLUTE
    ../clib/microlib/printf/printf.c         0x00000000   Number         0  printf4.o ABSOLUTE
    ../clib/microlib/printf/stubs.s          0x00000000   Number         0  stubs.o ABSOLUTE
    ../clib/microlib/stdio/fputc.c           0x00000000   Number         0  fputc.o ABSOLUTE
    ../clib/microlib/stdio/semi.s            0x00000000   Number         0  semi.o ABSOLUTE
    ../clib/microlib/stdio/streams.c         0x00000000   Number         0  stdout.o ABSOLUTE
    ../clib/microlib/string/memcpy.c         0x00000000   Number         0  memcpya.o ABSOLUTE
    ../clib/microlib/string/memcpy.c         0x00000000   Number         0  memcpyb.o ABSOLUTE
    ../clib/microlib/string/memset.c         0x00000000   Number         0  memseta.o ABSOLUTE
    ../clib/microlib/string/memset.c         0x00000000   Number         0  memset.o ABSOLUTE
    ../clib/microlib/string/strcmp.c         0x00000000   Number         0  strcmp.o ABSOLUTE
    ../clib/microlib/string/strlen.c         0x00000000   Number         0  strlen.o ABSOLUTE
    ../clib/microlib/stubs.s                 0x00000000   Number         0  iusesemip.o ABSOLUTE
    ../clib/microlib/stubs.s                 0x00000000   Number         0  iusefp.o ABSOLUTE
    ../fplib/microlib/fpadd.c                0x00000000   Number         0  dadd.o ABSOLUTE
    ../fplib/microlib/fpdiv.c                0x00000000   Number         0  ddiv.o ABSOLUTE
    ../fplib/microlib/fpepilogue.c           0x00000000   Number         0  depilogue.o ABSOLUTE
    ../fplib/microlib/fpfix.c                0x00000000   Number         0  dfixul.o ABSOLUTE
    ../fplib/microlib/fpmul.c                0x00000000   Number         0  dmul.o ABSOLUTE
    ..\Core\Src\ds1307.c                     0x00000000   Number         0  ds1307.o ABSOLUTE
    ..\Core\Src\flash.c                      0x00000000   Number         0  flash.o ABSOLUTE
    ..\Core\Src\freertos.c                   0x00000000   Number         0  freertos.o ABSOLUTE
    ..\Core\Src\i2c-lcd.c                    0x00000000   Number         0  i2c-lcd.o ABSOLUTE
    ..\Core\Src\main.c                       0x00000000   Number         0  main.o ABSOLUTE
    ..\Core\Src\rc522.c                      0x00000000   Number         0  rc522.o ABSOLUTE
    ..\Core\Src\stm32f1xx_hal_msp.c          0x00000000   Number         0  stm32f1xx_hal_msp.o ABSOLUTE
    ..\Core\Src\stm32f1xx_hal_timebase_tim.c 0x00000000   Number         0  stm32f1xx_hal_timebase_tim.o ABSOLUTE
    ..\Core\Src\stm32f1xx_it.c               0x00000000   Number         0  stm32f1xx_it.o ABSOLUTE
    ..\Core\Src\system_stm32f1xx.c           0x00000000   Number         0  system_stm32f1xx.o ABSOLUTE
    ..\Drivers\STM32F1xx_HAL_Driver\Src\stm32f1xx_hal.c 0x00000000   Number         0  stm32f1xx_hal.o ABSOLUTE
    ..\Drivers\STM32F1xx_HAL_Driver\Src\stm32f1xx_hal_cortex.c 0x00000000   Number         0  stm32f1xx_hal_cortex.o ABSOLUTE
    ..\Drivers\STM32F1xx_HAL_Driver\Src\stm32f1xx_hal_dma.c 0x00000000   Number         0  stm32f1xx_hal_dma.o ABSOLUTE
    ..\Drivers\STM32F1xx_HAL_Driver\Src\stm32f1xx_hal_exti.c 0x00000000   Number         0  stm32f1xx_hal_exti.o ABSOLUTE
    ..\Drivers\STM32F1xx_HAL_Driver\Src\stm32f1xx_hal_flash.c 0x00000000   Number         0  stm32f1xx_hal_flash.o ABSOLUTE
    ..\Drivers\STM32F1xx_HAL_Driver\Src\stm32f1xx_hal_flash_ex.c 0x00000000   Number         0  stm32f1xx_hal_flash_ex.o ABSOLUTE
    ..\Drivers\STM32F1xx_HAL_Driver\Src\stm32f1xx_hal_gpio.c 0x00000000   Number         0  stm32f1xx_hal_gpio.o ABSOLUTE
    ..\Drivers\STM32F1xx_HAL_Driver\Src\stm32f1xx_hal_gpio_ex.c 0x00000000   Number         0  stm32f1xx_hal_gpio_ex.o ABSOLUTE
    ..\Drivers\STM32F1xx_HAL_Driver\Src\stm32f1xx_hal_i2c.c 0x00000000   Number         0  stm32f1xx_hal_i2c.o ABSOLUTE
    ..\Drivers\STM32F1xx_HAL_Driver\Src\stm32f1xx_hal_pwr.c 0x00000000   Number         0  stm32f1xx_hal_pwr.o ABSOLUTE
    ..\Drivers\STM32F1xx_HAL_Driver\Src\stm32f1xx_hal_rcc.c 0x00000000   Number         0  stm32f1xx_hal_rcc.o ABSOLUTE
    ..\Drivers\STM32F1xx_HAL_Driver\Src\stm32f1xx_hal_rcc_ex.c 0x00000000   Number         0  stm32f1xx_hal_rcc_ex.o ABSOLUTE
    ..\Drivers\STM32F1xx_HAL_Driver\Src\stm32f1xx_hal_spi.c 0x00000000   Number         0  stm32f1xx_hal_spi.o ABSOLUTE
    ..\Drivers\STM32F1xx_HAL_Driver\Src\stm32f1xx_hal_tim.c 0x00000000   Number         0  stm32f1xx_hal_tim.o ABSOLUTE
    ..\Drivers\STM32F1xx_HAL_Driver\Src\stm32f1xx_hal_tim_ex.c 0x00000000   Number         0  stm32f1xx_hal_tim_ex.o ABSOLUTE
    ..\Middlewares\Third_Party\FreeRTOS\Source\CMSIS_RTOS\cmsis_os.c 0x00000000   Number         0  cmsis_os.o ABSOLUTE
    ..\Middlewares\Third_Party\FreeRTOS\Source\portable\RVDS\ARM_CM3\port.c 0x00000000   Number         0  port.o ABSOLUTE
    ..\\Core\\Src\\ds1307.c                  0x00000000   Number         0  ds1307.o ABSOLUTE
    ..\\Core\\Src\\flash.c                   0x00000000   Number         0  flash.o ABSOLUTE
    ..\\Core\\Src\\i2c-lcd.c                 0x00000000   Number         0  i2c-lcd.o ABSOLUTE
    ..\\Core\\Src\\rc522.c                   0x00000000   Number         0  rc522.o ABSOLUTE
    cdrcmple.s                               0x00000000   Number         0  cdrcmple.o ABSOLUTE
    dc.s                                     0x00000000   Number         0  dc.o ABSOLUTE
    handlers.s                               0x00000000   Number         0  handlers.o ABSOLUTE
    init.s                                   0x00000000   Number         0  init.o ABSOLUTE
    startup_stm32f103xb.s                    0x00000000   Number         0  startup_stm32f103xb.o ABSOLUTE
    RESET                                    0x08000000   Section      236  startup_stm32f103xb.o(RESET)
    .ARM.Collect$$$$00000000                 0x080000ec   Section        0  entry.o(.ARM.Collect$$$$00000000)
    .ARM.Collect$$$$00000001                 0x080000ec   Section        4  entry2.o(.ARM.Collect$$$$00000001)
    .ARM.Collect$$$$00000004                 0x080000f0   Section        4  entry5.o(.ARM.Collect$$$$00000004)
    .ARM.Collect$$$$00000008                 0x080000f4   Section        0  entry7b.o(.ARM.Collect$$$$00000008)
    .ARM.Collect$$$$0000000A                 0x080000f4   Section        0  entry8b.o(.ARM.Collect$$$$0000000A)
    .ARM.Collect$$$$0000000B                 0x080000f4   Section        8  entry9a.o(.ARM.Collect$$$$0000000B)
    .ARM.Collect$$$$0000000E                 0x080000fc   Section        4  entry12b.o(.ARM.Collect$$$$0000000E)
    .ARM.Collect$$$$0000000F                 0x08000100   Section        0  entry10a.o(.ARM.Collect$$$$0000000F)
    .ARM.Collect$$$$00000011                 0x08000100   Section        0  entry11a.o(.ARM.Collect$$$$00000011)
    .ARM.Collect$$$$00002712                 0x08000100   Section        4  entry2.o(.ARM.Collect$$$$00002712)
    __lit__00000000                          0x08000100   Data           4  entry2.o(.ARM.Collect$$$$00002712)
    .emb_text                                0x08000104   Section      150  port.o(.emb_text)
    .text                                    0x0800019c   Section       36  startup_stm32f103xb.o(.text)
    .text                                    0x080001c0   Section        0  llushr.o(.text)
    .text                                    0x080001e0   Section        0  memcpya.o(.text)
    .text                                    0x08000204   Section        0  memseta.o(.text)
    .text                                    0x08000228   Section        0  strlen.o(.text)
    .text                                    0x08000236   Section        0  strcmp.o(.text)
    .text                                    0x08000252   Section        0  uldiv.o(.text)
    .text                                    0x080002b4   Section       36  init.o(.text)
    .text                                    0x080002d8   Section        0  llshl.o(.text)
    i.BusFault_Handler                       0x080002f6   Section        0  stm32f1xx_it.o(i.BusFault_Handler)
    i.DHT11_Check_Response                   0x080002f8   Section        0  main.o(i.DHT11_Check_Response)
    i.DHT11_Read                             0x0800033c   Section        0  main.o(i.DHT11_Read)
    i.DHT11_Start                            0x08000398   Section        0  main.o(i.DHT11_Start)
    i.DS1307_ClockResume                     0x080003ec   Section        0  ds1307.o(i.DS1307_ClockResume)
    i.DS1307_EnableSquareWave                0x0800045e   Section        0  ds1307.o(i.DS1307_EnableSquareWave)
    i.DS1307_GetTime                         0x08000486   Section        0  ds1307.o(i.DS1307_GetTime)
    i.DS1307_Init                            0x0800059c   Section        0  ds1307.o(i.DS1307_Init)
    i.DS1307_SelectRate                      0x080005d8   Section        0  ds1307.o(i.DS1307_SelectRate)
    i.DS1307_SetTime                         0x08000608   Section        0  ds1307.o(i.DS1307_SetTime)
    i.DS1307_WaitUntilReady                  0x0800076a   Section        0  ds1307.o(i.DS1307_WaitUntilReady)
    i.DS1307_getControlRegister              0x0800079a   Section        0  ds1307.o(i.DS1307_getControlRegister)
    i.DS1307_setControlRegister              0x080007e0   Section        0  ds1307.o(i.DS1307_setControlRegister)
    i.DebugMon_Handler                       0x08000820   Section        0  stm32f1xx_it.o(i.DebugMon_Handler)
    i.Flash_Erase                            0x08000824   Section        0  flash.o(i.Flash_Erase)
    i.Flash_ProgramPage                      0x0800085c   Section        0  flash.o(i.Flash_ProgramPage)
    i.Flash_ReadChar                         0x080008ac   Section        0  flash.o(i.Flash_ReadChar)
    i.Flash_Write_Char                       0x080008ec   Section        0  flash.o(i.Flash_Write_Char)
    i.HAL_Delay                              0x08000944   Section        0  stm32f1xx_hal.o(i.HAL_Delay)
    i.HAL_FLASH_Unlock                       0x08000968   Section        0  stm32f1xx_hal_flash.o(i.HAL_FLASH_Unlock)
    i.HAL_GPIO_Init                          0x08000990   Section        0  stm32f1xx_hal_gpio.o(i.HAL_GPIO_Init)
    i.HAL_GPIO_ReadPin                       0x08000b70   Section        0  stm32f1xx_hal_gpio.o(i.HAL_GPIO_ReadPin)
    i.HAL_GPIO_TogglePin                     0x08000b7a   Section        0  stm32f1xx_hal_gpio.o(i.HAL_GPIO_TogglePin)
    i.HAL_GPIO_WritePin                      0x08000b8a   Section        0  stm32f1xx_hal_gpio.o(i.HAL_GPIO_WritePin)
    i.HAL_GetTick                            0x08000b94   Section        0  stm32f1xx_hal.o(i.HAL_GetTick)
    i.HAL_I2C_GetState                       0x08000ba0   Section        0  stm32f1xx_hal_i2c.o(i.HAL_I2C_GetState)
    i.HAL_I2C_Init                           0x08000ba8   Section        0  stm32f1xx_hal_i2c.o(i.HAL_I2C_Init)
    i.HAL_I2C_Master_Receive                 0x08000d30   Section        0  stm32f1xx_hal_i2c.o(i.HAL_I2C_Master_Receive)
    i.HAL_I2C_Master_Transmit                0x08000f74   Section        0  stm32f1xx_hal_i2c.o(i.HAL_I2C_Master_Transmit)
    i.HAL_I2C_MspInit                        0x080010a0   Section        0  stm32f1xx_hal_msp.o(i.HAL_I2C_MspInit)
    i.HAL_IncTick                            0x080010fc   Section        0  stm32f1xx_hal.o(i.HAL_IncTick)
    i.HAL_Init                               0x0800110c   Section        0  stm32f1xx_hal.o(i.HAL_Init)
    i.HAL_InitTick                           0x08001130   Section        0  stm32f1xx_hal_timebase_tim.o(i.HAL_InitTick)
    i.HAL_MspInit                            0x080011a4   Section        0  stm32f1xx_hal_msp.o(i.HAL_MspInit)
    i.HAL_NVIC_EnableIRQ                     0x080011ec   Section        0  stm32f1xx_hal_cortex.o(i.HAL_NVIC_EnableIRQ)
    i.HAL_NVIC_SetPriority                   0x08001208   Section        0  stm32f1xx_hal_cortex.o(i.HAL_NVIC_SetPriority)
    i.HAL_NVIC_SetPriorityGrouping           0x08001248   Section        0  stm32f1xx_hal_cortex.o(i.HAL_NVIC_SetPriorityGrouping)
    i.HAL_RCC_ClockConfig                    0x0800126c   Section        0  stm32f1xx_hal_rcc.o(i.HAL_RCC_ClockConfig)
    i.HAL_RCC_GetClockConfig                 0x08001398   Section        0  stm32f1xx_hal_rcc.o(i.HAL_RCC_GetClockConfig)
    i.HAL_RCC_GetPCLK1Freq                   0x080013d8   Section        0  stm32f1xx_hal_rcc.o(i.HAL_RCC_GetPCLK1Freq)
    i.HAL_RCC_GetPCLK2Freq                   0x080013f8   Section        0  stm32f1xx_hal_rcc.o(i.HAL_RCC_GetPCLK2Freq)
    i.HAL_RCC_GetSysClockFreq                0x08001418   Section        0  stm32f1xx_hal_rcc.o(i.HAL_RCC_GetSysClockFreq)
    i.HAL_RCC_OscConfig                      0x08001484   Section        0  stm32f1xx_hal_rcc.o(i.HAL_RCC_OscConfig)
    i.HAL_SPI_Init                           0x080017a4   Section        0  stm32f1xx_hal_spi.o(i.HAL_SPI_Init)
    i.HAL_SPI_MspInit                        0x08001858   Section        0  stm32f1xx_hal_msp.o(i.HAL_SPI_MspInit)
    i.HAL_SPI_TransmitReceive                0x080018c8   Section        0  stm32f1xx_hal_spi.o(i.HAL_SPI_TransmitReceive)
    i.HAL_TIMEx_BreakCallback                0x08001aaa   Section        0  stm32f1xx_hal_tim_ex.o(i.HAL_TIMEx_BreakCallback)
    i.HAL_TIMEx_CommutCallback               0x08001aac   Section        0  stm32f1xx_hal_tim_ex.o(i.HAL_TIMEx_CommutCallback)
    i.HAL_TIMEx_MasterConfigSynchronization  0x08001ab0   Section        0  stm32f1xx_hal_tim_ex.o(i.HAL_TIMEx_MasterConfigSynchronization)
    i.HAL_TIM_Base_Init                      0x08001b18   Section        0  stm32f1xx_hal_tim.o(i.HAL_TIM_Base_Init)
    i.HAL_TIM_Base_MspInit                   0x08001b74   Section        0  stm32f1xx_hal_msp.o(i.HAL_TIM_Base_MspInit)
    i.HAL_TIM_Base_Start                     0x08001b98   Section        0  stm32f1xx_hal_tim.o(i.HAL_TIM_Base_Start)
    i.HAL_TIM_Base_Start_IT                  0x08001be8   Section        0  stm32f1xx_hal_tim.o(i.HAL_TIM_Base_Start_IT)
    i.HAL_TIM_ConfigClockSource              0x08001c40   Section        0  stm32f1xx_hal_tim.o(i.HAL_TIM_ConfigClockSource)
    i.HAL_TIM_IC_CaptureCallback             0x08001d16   Section        0  stm32f1xx_hal_tim.o(i.HAL_TIM_IC_CaptureCallback)
    i.HAL_TIM_IRQHandler                     0x08001d18   Section        0  stm32f1xx_hal_tim.o(i.HAL_TIM_IRQHandler)
    i.HAL_TIM_OC_DelayElapsedCallback        0x08001e7e   Section        0  stm32f1xx_hal_tim.o(i.HAL_TIM_OC_DelayElapsedCallback)
    i.HAL_TIM_PWM_PulseFinishedCallback      0x08001e80   Section        0  stm32f1xx_hal_tim.o(i.HAL_TIM_PWM_PulseFinishedCallback)
    i.HAL_TIM_PeriodElapsedCallback          0x08001e84   Section        0  main.o(i.HAL_TIM_PeriodElapsedCallback)
    i.HAL_TIM_TriggerCallback                0x08001e98   Section        0  stm32f1xx_hal_tim.o(i.HAL_TIM_TriggerCallback)
    i.HardFault_Handler                      0x08001e9a   Section        0  stm32f1xx_it.o(i.HardFault_Handler)
    i.I2C_IsAcknowledgeFailed                0x08001e9c   Section        0  stm32f1xx_hal_i2c.o(i.I2C_IsAcknowledgeFailed)
    I2C_IsAcknowledgeFailed                  0x08001e9d   Thumb Code    46  stm32f1xx_hal_i2c.o(i.I2C_IsAcknowledgeFailed)
    i.I2C_MasterRequestRead                  0x08001ecc   Section        0  stm32f1xx_hal_i2c.o(i.I2C_MasterRequestRead)
    I2C_MasterRequestRead                    0x08001ecd   Thumb Code   230  stm32f1xx_hal_i2c.o(i.I2C_MasterRequestRead)
    i.I2C_MasterRequestWrite                 0x08001fb8   Section        0  stm32f1xx_hal_i2c.o(i.I2C_MasterRequestWrite)
    I2C_MasterRequestWrite                   0x08001fb9   Thumb Code   150  stm32f1xx_hal_i2c.o(i.I2C_MasterRequestWrite)
    i.I2C_WaitOnBTFFlagUntilTimeout          0x08002054   Section        0  stm32f1xx_hal_i2c.o(i.I2C_WaitOnBTFFlagUntilTimeout)
    I2C_WaitOnBTFFlagUntilTimeout            0x08002055   Thumb Code    76  stm32f1xx_hal_i2c.o(i.I2C_WaitOnBTFFlagUntilTimeout)
    i.I2C_WaitOnFlagUntilTimeout             0x080020a0   Section        0  stm32f1xx_hal_i2c.o(i.I2C_WaitOnFlagUntilTimeout)
    I2C_WaitOnFlagUntilTimeout               0x080020a1   Thumb Code   104  stm32f1xx_hal_i2c.o(i.I2C_WaitOnFlagUntilTimeout)
    i.I2C_WaitOnMasterAddressFlagUntilTimeout 0x08002108   Section        0  stm32f1xx_hal_i2c.o(i.I2C_WaitOnMasterAddressFlagUntilTimeout)
    I2C_WaitOnMasterAddressFlagUntilTimeout  0x08002109   Thumb Code   150  stm32f1xx_hal_i2c.o(i.I2C_WaitOnMasterAddressFlagUntilTimeout)
    i.I2C_WaitOnRXNEFlagUntilTimeout         0x0800219e   Section        0  stm32f1xx_hal_i2c.o(i.I2C_WaitOnRXNEFlagUntilTimeout)
    I2C_WaitOnRXNEFlagUntilTimeout           0x0800219f   Thumb Code   102  stm32f1xx_hal_i2c.o(i.I2C_WaitOnRXNEFlagUntilTimeout)
    i.I2C_WaitOnTXEFlagUntilTimeout          0x08002204   Section        0  stm32f1xx_hal_i2c.o(i.I2C_WaitOnTXEFlagUntilTimeout)
    I2C_WaitOnTXEFlagUntilTimeout            0x08002205   Thumb Code    76  stm32f1xx_hal_i2c.o(i.I2C_WaitOnTXEFlagUntilTimeout)
    i.MFRC522_AntennaOn                      0x08002250   Section        0  rc522.o(i.MFRC522_AntennaOn)
    i.MFRC522_Anticoll                       0x0800226a   Section        0  rc522.o(i.MFRC522_Anticoll)
    i.MFRC522_CalculateCRC                   0x080022ac   Section        0  rc522.o(i.MFRC522_CalculateCRC)
    i.MFRC522_Check                          0x0800230a   Section        0  rc522.o(i.MFRC522_Check)
    i.MFRC522_ClearBitMask                   0x0800232a   Section        0  rc522.o(i.MFRC522_ClearBitMask)
    i.MFRC522_Halt                           0x08002342   Section        0  rc522.o(i.MFRC522_Halt)
    i.MFRC522_Init                           0x0800236e   Section        0  rc522.o(i.MFRC522_Init)
    i.MFRC522_ReadRegister                   0x080023b4   Section        0  rc522.o(i.MFRC522_ReadRegister)
    i.MFRC522_Request                        0x080023c2   Section        0  rc522.o(i.MFRC522_Request)
    i.MFRC522_Reset                          0x080023f0   Section        0  rc522.o(i.MFRC522_Reset)
    i.MFRC522_SetBitMask                     0x080023f8   Section        0  rc522.o(i.MFRC522_SetBitMask)
    i.MFRC522_ToCard                         0x08002410   Section        0  rc522.o(i.MFRC522_ToCard)
    i.MFRC522_WriteRegister                  0x08002524   Section        0  rc522.o(i.MFRC522_WriteRegister)
    i.MX_GPIO_Init                           0x08002530   Section        0  main.o(i.MX_GPIO_Init)
    MX_GPIO_Init                             0x08002531   Thumb Code   188  main.o(i.MX_GPIO_Init)
    i.MX_SPI1_Init                           0x080025fc   Section        0  main.o(i.MX_SPI1_Init)
    MX_SPI1_Init                             0x080025fd   Thumb Code    46  main.o(i.MX_SPI1_Init)
    i.MX_TIM2_Init                           0x08002634   Section        0  main.o(i.MX_TIM2_Init)
    MX_TIM2_Init                             0x08002635   Thumb Code    76  main.o(i.MX_TIM2_Init)
    i.MemManage_Handler                      0x08002684   Section        0  stm32f1xx_it.o(i.MemManage_Handler)
    i.NMI_Handler                            0x08002686   Section        0  stm32f1xx_it.o(i.NMI_Handler)
    i.SPI1SendByte                           0x08002688   Section        0  rc522.o(i.SPI1SendByte)
    i.SPI1_ReadReg                           0x080026a8   Section        0  rc522.o(i.SPI1_ReadReg)
    i.SPI1_WriteReg                          0x080026d8   Section        0  rc522.o(i.SPI1_WriteReg)
    i.SPI_EndRxTxTransaction                 0x08002708   Section        0  stm32f1xx_hal_spi.o(i.SPI_EndRxTxTransaction)
    SPI_EndRxTxTransaction                   0x08002709   Thumb Code    32  stm32f1xx_hal_spi.o(i.SPI_EndRxTxTransaction)
    i.SPI_WaitFlagStateUntilTimeout          0x08002728   Section        0  stm32f1xx_hal_spi.o(i.SPI_WaitFlagStateUntilTimeout)
    SPI_WaitFlagStateUntilTimeout            0x08002729   Thumb Code   180  stm32f1xx_hal_spi.o(i.SPI_WaitFlagStateUntilTimeout)
    i.Set_Pin_Input                          0x080027e0   Section        0  main.o(i.Set_Pin_Input)
    i.Set_Pin_Output                         0x080027f4   Section        0  main.o(i.Set_Pin_Output)
    i.StartDefaultTask                       0x0800280c   Section        0  main.o(i.StartDefaultTask)
    i.SysTick_Handler                        0x08003024   Section        0  port.o(i.SysTick_Handler)
    i.SystemClock_Config                     0x08003050   Section        0  main.o(i.SystemClock_Config)
    i.SystemInit                             0x0800309e   Section        0  system_stm32f1xx.o(i.SystemInit)
    i.TIM1_UP_IRQHandler                     0x080030a0   Section        0  stm32f1xx_it.o(i.TIM1_UP_IRQHandler)
    i.TIM_Base_SetConfig                     0x080030ac   Section        0  stm32f1xx_hal_tim.o(i.TIM_Base_SetConfig)
    i.TIM_ETR_SetConfig                      0x08003118   Section        0  stm32f1xx_hal_tim.o(i.TIM_ETR_SetConfig)
    i.TIM_ITRx_SetConfig                     0x0800312c   Section        0  stm32f1xx_hal_tim.o(i.TIM_ITRx_SetConfig)
    TIM_ITRx_SetConfig                       0x0800312d   Thumb Code    16  stm32f1xx_hal_tim.o(i.TIM_ITRx_SetConfig)
    i.TIM_TI1_ConfigInputStage               0x0800313c   Section        0  stm32f1xx_hal_tim.o(i.TIM_TI1_ConfigInputStage)
    TIM_TI1_ConfigInputStage                 0x0800313d   Thumb Code    34  stm32f1xx_hal_tim.o(i.TIM_TI1_ConfigInputStage)
    i.TIM_TI2_ConfigInputStage               0x0800315e   Section        0  stm32f1xx_hal_tim.o(i.TIM_TI2_ConfigInputStage)
    TIM_TI2_ConfigInputStage                 0x0800315f   Thumb Code    36  stm32f1xx_hal_tim.o(i.TIM_TI2_ConfigInputStage)
    i.UsageFault_Handler                     0x08003182   Section        0  stm32f1xx_it.o(i.UsageFault_Handler)
    i.__0sprintf$8                           0x08003184   Section        0  printf8.o(i.__0sprintf$8)
    i.__NVIC_SetPriority                     0x080031ac   Section        0  stm32f1xx_hal_cortex.o(i.__NVIC_SetPriority)
    __NVIC_SetPriority                       0x080031ad   Thumb Code    32  stm32f1xx_hal_cortex.o(i.__NVIC_SetPriority)
    i.__scatterload_copy                     0x080031cc   Section       14  handlers.o(i.__scatterload_copy)
    i.__scatterload_null                     0x080031da   Section        2  handlers.o(i.__scatterload_null)
    i.__scatterload_zeroinit                 0x080031dc   Section       14  handlers.o(i.__scatterload_zeroinit)
    i._printf_core                           0x080031ec   Section        0  printf8.o(i._printf_core)
    _printf_core                             0x080031ed   Thumb Code   984  printf8.o(i._printf_core)
    i._printf_post_padding                   0x080035f0   Section        0  printf8.o(i._printf_post_padding)
    _printf_post_padding                     0x080035f1   Thumb Code    36  printf8.o(i._printf_post_padding)
    i._printf_pre_padding                    0x08003614   Section        0  printf8.o(i._printf_pre_padding)
    _printf_pre_padding                      0x08003615   Thumb Code    46  printf8.o(i._printf_pre_padding)
    i._sputc                                 0x08003642   Section        0  printf8.o(i._sputc)
    _sputc                                   0x08003643   Thumb Code    10  printf8.o(i._sputc)
    i.confDS1307                             0x0800364c   Section        0  main.o(i.confDS1307)
    i.delay                                  0x080036a0   Section        0  main.o(i.delay)
    i.deleteBuffer                           0x080036b8   Section        0  flash.o(i.deleteBuffer)
    i.lcd_clear_display                      0x080036d4   Section        0  i2c-lcd.o(i.lcd_clear_display)
    i.lcd_goto_XY                            0x080036da   Section        0  i2c-lcd.o(i.lcd_goto_XY)
    i.lcd_init                               0x080036f0   Section        0  i2c-lcd.o(i.lcd_init)
    i.lcd_send_cmd                           0x0800374c   Section        0  i2c-lcd.o(i.lcd_send_cmd)
    i.lcd_send_data                          0x0800378c   Section        0  i2c-lcd.o(i.lcd_send_data)
    i.lcd_send_string                        0x080037cc   Section        0  i2c-lcd.o(i.lcd_send_string)
    i.main                                   0x080037e0   Section        0  main.o(i.main)
    i.makeFreeRtosPriority                   0x08003850   Section        0  cmsis_os.o(i.makeFreeRtosPriority)
    makeFreeRtosPriority                     0x08003851   Thumb Code    12  cmsis_os.o(i.makeFreeRtosPriority)
    i.osDelay                                0x0800385c   Section        0  cmsis_os.o(i.osDelay)
    i.osKernelStart                          0x0800386a   Section        0  cmsis_os.o(i.osKernelStart)
    i.osThreadCreate                         0x08003874   Section        0  cmsis_os.o(i.osThreadCreate)
    i.prvAddCurrentTaskToDelayedList         0x080038c8   Section        0  tasks.o(i.prvAddCurrentTaskToDelayedList)
    prvAddCurrentTaskToDelayedList           0x080038c9   Thumb Code   102  tasks.o(i.prvAddCurrentTaskToDelayedList)
    i.prvAddNewTaskToReadyList               0x08003938   Section        0  tasks.o(i.prvAddNewTaskToReadyList)
    prvAddNewTaskToReadyList                 0x08003939   Thumb Code   194  tasks.o(i.prvAddNewTaskToReadyList)
    i.prvDeleteTCB                           0x08003a08   Section        0  tasks.o(i.prvDeleteTCB)
    prvDeleteTCB                             0x08003a09   Thumb Code    52  tasks.o(i.prvDeleteTCB)
    i.prvHeapInit                            0x08003a3c   Section        0  heap_4.o(i.prvHeapInit)
    prvHeapInit                              0x08003a3d   Thumb Code    66  heap_4.o(i.prvHeapInit)
    i.prvIdleTask                            0x08003a88   Section        0  tasks.o(i.prvIdleTask)
    prvIdleTask                              0x08003a89   Thumb Code    82  tasks.o(i.prvIdleTask)
    i.prvInitialiseNewTask                   0x08003ae8   Section        0  tasks.o(i.prvInitialiseNewTask)
    prvInitialiseNewTask                     0x08003ae9   Thumb Code   142  tasks.o(i.prvInitialiseNewTask)
    i.prvInsertBlockIntoFreeList             0x08003b78   Section        0  heap_4.o(i.prvInsertBlockIntoFreeList)
    prvInsertBlockIntoFreeList               0x08003b79   Thumb Code    72  heap_4.o(i.prvInsertBlockIntoFreeList)
    i.prvResetNextTaskUnblockTime            0x08003bc4   Section        0  tasks.o(i.prvResetNextTaskUnblockTime)
    prvResetNextTaskUnblockTime              0x08003bc5   Thumb Code    26  tasks.o(i.prvResetNextTaskUnblockTime)
    i.prvTaskExitError                       0x08003be4   Section        0  port.o(i.prvTaskExitError)
    prvTaskExitError                         0x08003be5   Thumb Code    36  port.o(i.prvTaskExitError)
    i.pvPortMalloc                           0x08003c0c   Section        0  heap_4.o(i.pvPortMalloc)
    i.pxPortInitialiseStack                  0x08003ce4   Section        0  port.o(i.pxPortInitialiseStack)
    i.uxListRemove                           0x08003d08   Section        0  list.o(i.uxListRemove)
    i.vApplicationGetIdleTaskMemory          0x08003d30   Section        0  freertos.o(i.vApplicationGetIdleTaskMemory)
    i.vListInitialise                        0x08003d44   Section        0  list.o(i.vListInitialise)
    i.vListInitialiseItem                    0x08003d5a   Section        0  list.o(i.vListInitialiseItem)
    i.vListInsert                            0x08003d60   Section        0  list.o(i.vListInsert)
    i.vListInsertEnd                         0x08003d90   Section        0  list.o(i.vListInsertEnd)
    i.vPortEnterCritical                     0x08003da8   Section        0  port.o(i.vPortEnterCritical)
    i.vPortExitCritical                      0x08003de8   Section        0  port.o(i.vPortExitCritical)
    i.vPortFree                              0x08003e10   Section        0  heap_4.o(i.vPortFree)
    i.vPortSetupTimerInterrupt               0x08003e6c   Section        0  port.o(i.vPortSetupTimerInterrupt)
    i.vTaskDelay                             0x08003e90   Section        0  tasks.o(i.vTaskDelay)
    i.vTaskStartScheduler                    0x08003edc   Section        0  tasks.o(i.vTaskStartScheduler)
    i.vTaskSuspendAll                        0x08003f48   Section        0  tasks.o(i.vTaskSuspendAll)
    i.vTaskSwitchContext                     0x08003f58   Section        0  tasks.o(i.vTaskSwitchContext)
    i.xPortStartScheduler                    0x08003fb4   Section        0  port.o(i.xPortStartScheduler)
    i.xTaskCreate                            0x0800405c   Section        0  tasks.o(i.xTaskCreate)
    i.xTaskCreateStatic                      0x080040b6   Section        0  tasks.o(i.xTaskCreateStatic)
    i.xTaskIncrementTick                     0x0800410c   Section        0  tasks.o(i.xTaskIncrementTick)
    i.xTaskResumeAll                         0x080041d4   Section        0  tasks.o(i.xTaskResumeAll)
    .constdata                               0x08004298   Section       28  main.o(.constdata)
    .constdata                               0x080042b4   Section       16  system_stm32f1xx.o(.constdata)
    .constdata                               0x080042c4   Section        8  system_stm32f1xx.o(.constdata)
    .conststring                             0x080042cc   Section       12  main.o(.conststring)
    .data                                    0x20000000   Section       82  main.o(.data)
    .data                                    0x20000052   Section        1  flash.o(.data)
    .data                                    0x20000054   Section       12  stm32f1xx_hal.o(.data)
    .data                                    0x20000060   Section        4  system_stm32f1xx.o(.data)
    .data                                    0x20000064   Section       60  tasks.o(.data)
    pxDelayedTaskList                        0x20000068   Data           4  tasks.o(.data)
    pxOverflowDelayedTaskList                0x2000006c   Data           4  tasks.o(.data)
    uxDeletedTasksWaitingCleanUp             0x20000070   Data           4  tasks.o(.data)
    uxCurrentNumberOfTasks                   0x20000074   Data           4  tasks.o(.data)
    xTickCount                               0x20000078   Data           4  tasks.o(.data)
    uxTopReadyPriority                       0x2000007c   Data           4  tasks.o(.data)
    xSchedulerRunning                        0x20000080   Data           4  tasks.o(.data)
    uxPendedTicks                            0x20000084   Data           4  tasks.o(.data)
    xYieldPending                            0x20000088   Data           4  tasks.o(.data)
    xNumOfOverflows                          0x2000008c   Data           4  tasks.o(.data)
    uxTaskNumber                             0x20000090   Data           4  tasks.o(.data)
    xNextTaskUnblockTime                     0x20000094   Data           4  tasks.o(.data)
    xIdleTaskHandle                          0x20000098   Data           4  tasks.o(.data)
    uxSchedulerSuspended                     0x2000009c   Data           4  tasks.o(.data)
    .data                                    0x200000a0   Section       24  heap_4.o(.data)
    pxEnd                                    0x200000a0   Data           4  heap_4.o(.data)
    xFreeBytesRemaining                      0x200000a4   Data           4  heap_4.o(.data)
    xMinimumEverFreeBytesRemaining           0x200000a8   Data           4  heap_4.o(.data)
    xBlockAllocatedBit                       0x200000ac   Data           4  heap_4.o(.data)
    xStart                                   0x200000b0   Data           8  heap_4.o(.data)
    .data                                    0x200000b8   Section       12  port.o(.data)
    ucMaxSysCallPriority                     0x200000b8   Data           1  port.o(.data)
    uxCriticalNesting                        0x200000bc   Data           4  port.o(.data)
    ulMaxPRIGROUPValue                       0x200000c0   Data           4  port.o(.data)
    .bss                                     0x200000c4   Section      668  main.o(.bss)
    .bss                                     0x20000360   Section      596  freertos.o(.bss)
    xIdleTaskTCBBuffer                       0x20000360   Data          84  freertos.o(.bss)
    xIdleStack                               0x200003b4   Data         512  freertos.o(.bss)
    .bss                                     0x200005b4   Section       72  stm32f1xx_hal_timebase_tim.o(.bss)
    .bss                                     0x200005fc   Section      240  tasks.o(.bss)
    pxReadyTasksLists                        0x200005fc   Data         140  tasks.o(.bss)
    xDelayedTaskList1                        0x20000688   Data          20  tasks.o(.bss)
    xDelayedTaskList2                        0x2000069c   Data          20  tasks.o(.bss)
    xPendingReadyList                        0x200006b0   Data          20  tasks.o(.bss)
    xTasksWaitingTermination                 0x200006c4   Data          20  tasks.o(.bss)
    xSuspendedTaskList                       0x200006d8   Data          20  tasks.o(.bss)
    .bss                                     0x200006ec   Section     3072  heap_4.o(.bss)
    ucHeap                                   0x200006ec   Data        3072  heap_4.o(.bss)
    STACK                                    0x200012f0   Section     1024  startup_stm32f103xb.o(STACK)

    Global Symbols

    Symbol Name                              Value     Ov Type        Size  Object(Section)

    BuildAttributes$$THM_ISAv4$P$D$K$B$S$PE$A:L22UL41UL21$X:L11$S22US41US21$IEEE1$IW$USESV6$~STKCKD$USESV7$~SHL$OSPACE$ROPI$EBA8$MICROLIB$REQ8$PRES8$EABIv2 0x00000000   Number         0  anon$$obj.o ABSOLUTE
    __ARM_use_no_argv                        0x00000000   Number         0  main.o ABSOLUTE
    _printf_a                                0x00000000   Number         0  stubs.o ABSOLUTE
    _printf_c                                0x00000000   Number         0  stubs.o ABSOLUTE
    _printf_charcount                        0x00000000   Number         0  stubs.o ABSOLUTE
    _printf_d                                0x00000000   Number         0  stubs.o ABSOLUTE
    _printf_e                                0x00000000   Number         0  stubs.o ABSOLUTE
    _printf_f                                0x00000000   Number         0  stubs.o ABSOLUTE
    _printf_flags                            0x00000000   Number         0  stubs.o ABSOLUTE
    _printf_fp_dec                           0x00000000   Number         0  stubs.o ABSOLUTE
    _printf_fp_hex                           0x00000000   Number         0  stubs.o ABSOLUTE
    _printf_g                                0x00000000   Number         0  stubs.o ABSOLUTE
    _printf_i                                0x00000000   Number         0  stubs.o ABSOLUTE
    _printf_int_dec                          0x00000000   Number         0  stubs.o ABSOLUTE
    _printf_l                                0x00000000   Number         0  stubs.o ABSOLUTE
    _printf_lc                               0x00000000   Number         0  stubs.o ABSOLUTE
    _printf_ll                               0x00000000   Number         0  stubs.o ABSOLUTE
    _printf_lld                              0x00000000   Number         0  stubs.o ABSOLUTE
    _printf_lli                              0x00000000   Number         0  stubs.o ABSOLUTE
    _printf_llo                              0x00000000   Number         0  stubs.o ABSOLUTE
    _printf_llu                              0x00000000   Number         0  stubs.o ABSOLUTE
    _printf_llx                              0x00000000   Number         0  stubs.o ABSOLUTE
    _printf_longlong_dec                     0x00000000   Number         0  stubs.o ABSOLUTE
    _printf_longlong_hex                     0x00000000   Number         0  stubs.o ABSOLUTE
    _printf_longlong_oct                     0x00000000   Number         0  stubs.o ABSOLUTE
    _printf_ls                               0x00000000   Number         0  stubs.o ABSOLUTE
    _printf_mbtowc                           0x00000000   Number         0  stubs.o ABSOLUTE
    _printf_n                                0x00000000   Number         0  stubs.o ABSOLUTE
    _printf_o                                0x00000000   Number         0  stubs.o ABSOLUTE
    _printf_p                                0x00000000   Number         0  stubs.o ABSOLUTE
    _printf_percent                          0x00000000   Number         0  stubs.o ABSOLUTE
    _printf_pre_padding                      0x00000000   Number         0  stubs.o ABSOLUTE
    _printf_return_value                     0x00000000   Number         0  stubs.o ABSOLUTE
    _printf_s                                0x00000000   Number         0  stubs.o ABSOLUTE
    _printf_sizespec                         0x00000000   Number         0  stubs.o ABSOLUTE
    _printf_str                              0x00000000   Number         0  stubs.o ABSOLUTE
    _printf_truncate_signed                  0x00000000   Number         0  stubs.o ABSOLUTE
    _printf_truncate_unsigned                0x00000000   Number         0  stubs.o ABSOLUTE
    _printf_u                                0x00000000   Number         0  stubs.o ABSOLUTE
    _printf_wc                               0x00000000   Number         0  stubs.o ABSOLUTE
    _printf_wctomb                           0x00000000   Number         0  stubs.o ABSOLUTE
    _printf_widthprec                        0x00000000   Number         0  stubs.o ABSOLUTE
    _printf_x                                0x00000000   Number         0  stubs.o ABSOLUTE
    __arm_fini_                               - Undefined Weak Reference
    __cpp_initialize__aeabi_                  - Undefined Weak Reference
    __cxa_finalize                            - Undefined Weak Reference
    __decompress                              - Undefined Weak Reference
    _clock_init                               - Undefined Weak Reference
    _microlib_exit                            - Undefined Weak Reference
    __Vectors_Size                           0x000000ec   Number         0  startup_stm32f103xb.o ABSOLUTE
    __Vectors                                0x08000000   Data           4  startup_stm32f103xb.o(RESET)
    __Vectors_End                            0x080000ec   Data           0  startup_stm32f103xb.o(RESET)
    __main                                   0x080000ed   Thumb Code     0  entry.o(.ARM.Collect$$$$00000000)
    _main_stk                                0x080000ed   Thumb Code     0  entry2.o(.ARM.Collect$$$$00000001)
    _main_scatterload                        0x080000f1   Thumb Code     0  entry5.o(.ARM.Collect$$$$00000004)
    __main_after_scatterload                 0x080000f5   Thumb Code     0  entry5.o(.ARM.Collect$$$$00000004)
    _main_clock                              0x080000f5   Thumb Code     0  entry7b.o(.ARM.Collect$$$$00000008)
    _main_cpp_init                           0x080000f5   Thumb Code     0  entry8b.o(.ARM.Collect$$$$0000000A)
    _main_init                               0x080000f5   Thumb Code     0  entry9a.o(.ARM.Collect$$$$0000000B)
    __rt_lib_shutdown_fini                   0x080000fd   Thumb Code     0  entry12b.o(.ARM.Collect$$$$0000000E)
    __rt_final_cpp                           0x08000101   Thumb Code     0  entry10a.o(.ARM.Collect$$$$0000000F)
    __rt_final_exit                          0x08000101   Thumb Code     0  entry11a.o(.ARM.Collect$$$$00000011)
    SVC_Handler                              0x08000105   Thumb Code    32  port.o(.emb_text)
    __asm___6_port_c_39a90d8d__prvStartFirstTask 0x08000129   Thumb Code    28  port.o(.emb_text)
    PendSV_Handler                           0x08000149   Thumb Code    72  port.o(.emb_text)
    vPortGetIPSR                             0x08000195   Thumb Code     6  port.o(.emb_text)
    Reset_Handler                            0x0800019d   Thumb Code     8  startup_stm32f103xb.o(.text)
    ADC1_2_IRQHandler                        0x080001b7   Thumb Code     0  startup_stm32f103xb.o(.text)
    CAN1_RX1_IRQHandler                      0x080001b7   Thumb Code     0  startup_stm32f103xb.o(.text)
    CAN1_SCE_IRQHandler                      0x080001b7   Thumb Code     0  startup_stm32f103xb.o(.text)
    DMA1_Channel1_IRQHandler                 0x080001b7   Thumb Code     0  startup_stm32f103xb.o(.text)
    DMA1_Channel2_IRQHandler                 0x080001b7   Thumb Code     0  startup_stm32f103xb.o(.text)
    DMA1_Channel3_IRQHandler                 0x080001b7   Thumb Code     0  startup_stm32f103xb.o(.text)
    DMA1_Channel4_IRQHandler                 0x080001b7   Thumb Code     0  startup_stm32f103xb.o(.text)
    DMA1_Channel5_IRQHandler                 0x080001b7   Thumb Code     0  startup_stm32f103xb.o(.text)
    DMA1_Channel6_IRQHandler                 0x080001b7   Thumb Code     0  startup_stm32f103xb.o(.text)
    DMA1_Channel7_IRQHandler                 0x080001b7   Thumb Code     0  startup_stm32f103xb.o(.text)
    EXTI0_IRQHandler                         0x080001b7   Thumb Code     0  startup_stm32f103xb.o(.text)
    EXTI15_10_IRQHandler                     0x080001b7   Thumb Code     0  startup_stm32f103xb.o(.text)
    EXTI1_IRQHandler                         0x080001b7   Thumb Code     0  startup_stm32f103xb.o(.text)
    EXTI2_IRQHandler                         0x080001b7   Thumb Code     0  startup_stm32f103xb.o(.text)
    EXTI3_IRQHandler                         0x080001b7   Thumb Code     0  startup_stm32f103xb.o(.text)
    EXTI4_IRQHandler                         0x080001b7   Thumb Code     0  startup_stm32f103xb.o(.text)
    EXTI9_5_IRQHandler                       0x080001b7   Thumb Code     0  startup_stm32f103xb.o(.text)
    FLASH_IRQHandler                         0x080001b7   Thumb Code     0  startup_stm32f103xb.o(.text)
    I2C1_ER_IRQHandler                       0x080001b7   Thumb Code     0  startup_stm32f103xb.o(.text)
    I2C1_EV_IRQHandler                       0x080001b7   Thumb Code     0  startup_stm32f103xb.o(.text)
    I2C2_ER_IRQHandler                       0x080001b7   Thumb Code     0  startup_stm32f103xb.o(.text)
    I2C2_EV_IRQHandler                       0x080001b7   Thumb Code     0  startup_stm32f103xb.o(.text)
    PVD_IRQHandler                           0x080001b7   Thumb Code     0  startup_stm32f103xb.o(.text)
    RCC_IRQHandler                           0x080001b7   Thumb Code     0  startup_stm32f103xb.o(.text)
    RTC_Alarm_IRQHandler                     0x080001b7   Thumb Code     0  startup_stm32f103xb.o(.text)
    RTC_IRQHandler                           0x080001b7   Thumb Code     0  startup_stm32f103xb.o(.text)
    SPI1_IRQHandler                          0x080001b7   Thumb Code     0  startup_stm32f103xb.o(.text)
    SPI2_IRQHandler                          0x080001b7   Thumb Code     0  startup_stm32f103xb.o(.text)
    TAMPER_IRQHandler                        0x080001b7   Thumb Code     0  startup_stm32f103xb.o(.text)
    TIM1_BRK_IRQHandler                      0x080001b7   Thumb Code     0  startup_stm32f103xb.o(.text)
    TIM1_CC_IRQHandler                       0x080001b7   Thumb Code     0  startup_stm32f103xb.o(.text)
    TIM1_TRG_COM_IRQHandler                  0x080001b7   Thumb Code     0  startup_stm32f103xb.o(.text)
    TIM2_IRQHandler                          0x080001b7   Thumb Code     0  startup_stm32f103xb.o(.text)
    TIM3_IRQHandler                          0x080001b7   Thumb Code     0  startup_stm32f103xb.o(.text)
    TIM4_IRQHandler                          0x080001b7   Thumb Code     0  startup_stm32f103xb.o(.text)
    USART1_IRQHandler                        0x080001b7   Thumb Code     0  startup_stm32f103xb.o(.text)
    USART2_IRQHandler                        0x080001b7   Thumb Code     0  startup_stm32f103xb.o(.text)
    USART3_IRQHandler                        0x080001b7   Thumb Code     0  startup_stm32f103xb.o(.text)
    USBWakeUp_IRQHandler                     0x080001b7   Thumb Code     0  startup_stm32f103xb.o(.text)
    USB_HP_CAN1_TX_IRQHandler                0x080001b7   Thumb Code     0  startup_stm32f103xb.o(.text)
    USB_LP_CAN1_RX0_IRQHandler               0x080001b7   Thumb Code     0  startup_stm32f103xb.o(.text)
    WWDG_IRQHandler                          0x080001b7   Thumb Code     0  startup_stm32f103xb.o(.text)
    __aeabi_llsr                             0x080001c1   Thumb Code    32  llushr.o(.text)
    _ll_ushift_r                             0x080001c1   Thumb Code     0  llushr.o(.text)
    __aeabi_memcpy                           0x080001e1   Thumb Code    36  memcpya.o(.text)
    __aeabi_memcpy4                          0x080001e1   Thumb Code     0  memcpya.o(.text)
    __aeabi_memcpy8                          0x080001e1   Thumb Code     0  memcpya.o(.text)
    __aeabi_memset                           0x08000205   Thumb Code    14  memseta.o(.text)
    __aeabi_memset4                          0x08000205   Thumb Code     0  memseta.o(.text)
    __aeabi_memset8                          0x08000205   Thumb Code     0  memseta.o(.text)
    __aeabi_memclr                           0x08000213   Thumb Code     4  memseta.o(.text)
    __aeabi_memclr4                          0x08000213   Thumb Code     0  memseta.o(.text)
    __aeabi_memclr8                          0x08000213   Thumb Code     0  memseta.o(.text)
    memset                                   0x08000217   Thumb Code    18  memseta.o(.text)
    strlen                                   0x08000229   Thumb Code    14  strlen.o(.text)
    strcmp                                   0x08000237   Thumb Code    28  strcmp.o(.text)
    __aeabi_uldivmod                         0x08000253   Thumb Code    98  uldiv.o(.text)
    __scatterload                            0x080002b5   Thumb Code    28  init.o(.text)
    __scatterload_rt2                        0x080002b5   Thumb Code     0  init.o(.text)
    __aeabi_llsl                             0x080002d9   Thumb Code    30  llshl.o(.text)
    _ll_shift_l                              0x080002d9   Thumb Code     0  llshl.o(.text)
    BusFault_Handler                         0x080002f7   Thumb Code     2  stm32f1xx_it.o(i.BusFault_Handler)
    DHT11_Check_Response                     0x080002f9   Thumb Code    64  main.o(i.DHT11_Check_Response)
    DHT11_Read                               0x0800033d   Thumb Code    88  main.o(i.DHT11_Read)
    DHT11_Start                              0x08000399   Thumb Code    80  main.o(i.DHT11_Start)
    DS1307_ClockResume                       0x080003ed   Thumb Code   114  ds1307.o(i.DS1307_ClockResume)
    DS1307_EnableSquareWave                  0x0800045f   Thumb Code    40  ds1307.o(i.DS1307_EnableSquareWave)
    DS1307_GetTime                           0x08000487   Thumb Code   278  ds1307.o(i.DS1307_GetTime)
    DS1307_Init                              0x0800059d   Thumb Code    60  ds1307.o(i.DS1307_Init)
    DS1307_SelectRate                        0x080005d9   Thumb Code    48  ds1307.o(i.DS1307_SelectRate)
    DS1307_SetTime                           0x08000609   Thumb Code   354  ds1307.o(i.DS1307_SetTime)
    DS1307_WaitUntilReady                    0x0800076b   Thumb Code    48  ds1307.o(i.DS1307_WaitUntilReady)
    DS1307_getControlRegister                0x0800079b   Thumb Code    68  ds1307.o(i.DS1307_getControlRegister)
    DS1307_setControlRegister                0x080007e1   Thumb Code    58  ds1307.o(i.DS1307_setControlRegister)
    DebugMon_Handler                         0x08000821   Thumb Code     2  stm32f1xx_it.o(i.DebugMon_Handler)
    Flash_Erase                              0x08000825   Thumb Code    50  flash.o(i.Flash_Erase)
    Flash_ProgramPage                        0x0800085d   Thumb Code    70  flash.o(i.Flash_ProgramPage)
    Flash_ReadChar                           0x080008ad   Thumb Code    62  flash.o(i.Flash_ReadChar)
    Flash_Write_Char                         0x080008ed   Thumb Code    78  flash.o(i.Flash_Write_Char)
    HAL_Delay                                0x08000945   Thumb Code    32  stm32f1xx_hal.o(i.HAL_Delay)
    HAL_FLASH_Unlock                         0x08000969   Thumb Code    28  stm32f1xx_hal_flash.o(i.HAL_FLASH_Unlock)
    HAL_GPIO_Init                            0x08000991   Thumb Code   446  stm32f1xx_hal_gpio.o(i.HAL_GPIO_Init)
    HAL_GPIO_ReadPin                         0x08000b71   Thumb Code    10  stm32f1xx_hal_gpio.o(i.HAL_GPIO_ReadPin)
    HAL_GPIO_TogglePin                       0x08000b7b   Thumb Code    16  stm32f1xx_hal_gpio.o(i.HAL_GPIO_TogglePin)
    HAL_GPIO_WritePin                        0x08000b8b   Thumb Code    10  stm32f1xx_hal_gpio.o(i.HAL_GPIO_WritePin)
    HAL_GetTick                              0x08000b95   Thumb Code     6  stm32f1xx_hal.o(i.HAL_GetTick)
    HAL_I2C_GetState                         0x08000ba1   Thumb Code     6  stm32f1xx_hal_i2c.o(i.HAL_I2C_GetState)
    HAL_I2C_Init                             0x08000ba9   Thumb Code   376  stm32f1xx_hal_i2c.o(i.HAL_I2C_Init)
    HAL_I2C_Master_Receive                   0x08000d31   Thumb Code   564  stm32f1xx_hal_i2c.o(i.HAL_I2C_Master_Receive)
    HAL_I2C_Master_Transmit                  0x08000f75   Thumb Code   290  stm32f1xx_hal_i2c.o(i.HAL_I2C_Master_Transmit)
    HAL_I2C_MspInit                          0x080010a1   Thumb Code    80  stm32f1xx_hal_msp.o(i.HAL_I2C_MspInit)
    HAL_IncTick                              0x080010fd   Thumb Code    12  stm32f1xx_hal.o(i.HAL_IncTick)
    HAL_Init                                 0x0800110d   Thumb Code    32  stm32f1xx_hal.o(i.HAL_Init)
    HAL_InitTick                             0x08001131   Thumb Code    98  stm32f1xx_hal_timebase_tim.o(i.HAL_InitTick)
    HAL_MspInit                              0x080011a5   Thumb Code    62  stm32f1xx_hal_msp.o(i.HAL_MspInit)
    HAL_NVIC_EnableIRQ                       0x080011ed   Thumb Code    26  stm32f1xx_hal_cortex.o(i.HAL_NVIC_EnableIRQ)
    HAL_NVIC_SetPriority                     0x08001209   Thumb Code    60  stm32f1xx_hal_cortex.o(i.HAL_NVIC_SetPriority)
    HAL_NVIC_SetPriorityGrouping             0x08001249   Thumb Code    26  stm32f1xx_hal_cortex.o(i.HAL_NVIC_SetPriorityGrouping)
    HAL_RCC_ClockConfig                      0x0800126d   Thumb Code   280  stm32f1xx_hal_rcc.o(i.HAL_RCC_ClockConfig)
    HAL_RCC_GetClockConfig                   0x08001399   Thumb Code    54  stm32f1xx_hal_rcc.o(i.HAL_RCC_GetClockConfig)
    HAL_RCC_GetPCLK1Freq                     0x080013d9   Thumb Code    20  stm32f1xx_hal_rcc.o(i.HAL_RCC_GetPCLK1Freq)
    HAL_RCC_GetPCLK2Freq                     0x080013f9   Thumb Code    20  stm32f1xx_hal_rcc.o(i.HAL_RCC_GetPCLK2Freq)
    HAL_RCC_GetSysClockFreq                  0x08001419   Thumb Code    74  stm32f1xx_hal_rcc.o(i.HAL_RCC_GetSysClockFreq)
    HAL_RCC_OscConfig                        0x08001485   Thumb Code   778  stm32f1xx_hal_rcc.o(i.HAL_RCC_OscConfig)
    HAL_SPI_Init                             0x080017a5   Thumb Code   178  stm32f1xx_hal_spi.o(i.HAL_SPI_Init)
    HAL_SPI_MspInit                          0x08001859   Thumb Code    98  stm32f1xx_hal_msp.o(i.HAL_SPI_MspInit)
    HAL_SPI_TransmitReceive                  0x080018c9   Thumb Code   482  stm32f1xx_hal_spi.o(i.HAL_SPI_TransmitReceive)
    HAL_TIMEx_BreakCallback                  0x08001aab   Thumb Code     2  stm32f1xx_hal_tim_ex.o(i.HAL_TIMEx_BreakCallback)
    HAL_TIMEx_CommutCallback                 0x08001aad   Thumb Code     2  stm32f1xx_hal_tim_ex.o(i.HAL_TIMEx_CommutCallback)
    HAL_TIMEx_MasterConfigSynchronization    0x08001ab1   Thumb Code    92  stm32f1xx_hal_tim_ex.o(i.HAL_TIMEx_MasterConfigSynchronization)
    HAL_TIM_Base_Init                        0x08001b19   Thumb Code    90  stm32f1xx_hal_tim.o(i.HAL_TIM_Base_Init)
    HAL_TIM_Base_MspInit                     0x08001b75   Thumb Code    30  stm32f1xx_hal_msp.o(i.HAL_TIM_Base_MspInit)
    HAL_TIM_Base_Start                       0x08001b99   Thumb Code    66  stm32f1xx_hal_tim.o(i.HAL_TIM_Base_Start)
    HAL_TIM_Base_Start_IT                    0x08001be9   Thumb Code    76  stm32f1xx_hal_tim.o(i.HAL_TIM_Base_Start_IT)
    HAL_TIM_ConfigClockSource                0x08001c41   Thumb Code   214  stm32f1xx_hal_tim.o(i.HAL_TIM_ConfigClockSource)
    HAL_TIM_IC_CaptureCallback               0x08001d17   Thumb Code     2  stm32f1xx_hal_tim.o(i.HAL_TIM_IC_CaptureCallback)
    HAL_TIM_IRQHandler                       0x08001d19   Thumb Code   358  stm32f1xx_hal_tim.o(i.HAL_TIM_IRQHandler)
    HAL_TIM_OC_DelayElapsedCallback          0x08001e7f   Thumb Code     2  stm32f1xx_hal_tim.o(i.HAL_TIM_OC_DelayElapsedCallback)
    HAL_TIM_PWM_PulseFinishedCallback        0x08001e81   Thumb Code     2  stm32f1xx_hal_tim.o(i.HAL_TIM_PWM_PulseFinishedCallback)
    HAL_TIM_PeriodElapsedCallback            0x08001e85   Thumb Code    14  main.o(i.HAL_TIM_PeriodElapsedCallback)
    HAL_TIM_TriggerCallback                  0x08001e99   Thumb Code     2  stm32f1xx_hal_tim.o(i.HAL_TIM_TriggerCallback)
    HardFault_Handler                        0x08001e9b   Thumb Code     2  stm32f1xx_it.o(i.HardFault_Handler)
    MFRC522_AntennaOn                        0x08002251   Thumb Code    26  rc522.o(i.MFRC522_AntennaOn)
    MFRC522_Anticoll                         0x0800226b   Thumb Code    66  rc522.o(i.MFRC522_Anticoll)
    MFRC522_CalculateCRC                     0x080022ad   Thumb Code    94  rc522.o(i.MFRC522_CalculateCRC)
    MFRC522_Check                            0x0800230b   Thumb Code    32  rc522.o(i.MFRC522_Check)
    MFRC522_ClearBitMask                     0x0800232b   Thumb Code    24  rc522.o(i.MFRC522_ClearBitMask)
    MFRC522_Halt                             0x08002343   Thumb Code    44  rc522.o(i.MFRC522_Halt)
    MFRC522_Init                             0x0800236f   Thumb Code    70  rc522.o(i.MFRC522_Init)
    MFRC522_ReadRegister                     0x080023b5   Thumb Code    14  rc522.o(i.MFRC522_ReadRegister)
    MFRC522_Request                          0x080023c3   Thumb Code    46  rc522.o(i.MFRC522_Request)
    MFRC522_Reset                            0x080023f1   Thumb Code     8  rc522.o(i.MFRC522_Reset)
    MFRC522_SetBitMask                       0x080023f9   Thumb Code    24  rc522.o(i.MFRC522_SetBitMask)
    MFRC522_ToCard                           0x08002411   Thumb Code   276  rc522.o(i.MFRC522_ToCard)
    MFRC522_WriteRegister                    0x08002525   Thumb Code    10  rc522.o(i.MFRC522_WriteRegister)
    MemManage_Handler                        0x08002685   Thumb Code     2  stm32f1xx_it.o(i.MemManage_Handler)
    NMI_Handler                              0x08002687   Thumb Code     2  stm32f1xx_it.o(i.NMI_Handler)
    SPI1SendByte                             0x08002689   Thumb Code    28  rc522.o(i.SPI1SendByte)
    SPI1_ReadReg                             0x080026a9   Thumb Code    44  rc522.o(i.SPI1_ReadReg)
    SPI1_WriteReg                            0x080026d9   Thumb Code    44  rc522.o(i.SPI1_WriteReg)
    Set_Pin_Input                            0x080027e1   Thumb Code    20  main.o(i.Set_Pin_Input)
    Set_Pin_Output                           0x080027f5   Thumb Code    24  main.o(i.Set_Pin_Output)
    StartDefaultTask                         0x0800280d   Thumb Code  1944  main.o(i.StartDefaultTask)
    SysTick_Handler                          0x08003025   Thumb Code    38  port.o(i.SysTick_Handler)
    SystemClock_Config                       0x08003051   Thumb Code    78  main.o(i.SystemClock_Config)
    SystemInit                               0x0800309f   Thumb Code     2  system_stm32f1xx.o(i.SystemInit)
    TIM1_UP_IRQHandler                       0x080030a1   Thumb Code     6  stm32f1xx_it.o(i.TIM1_UP_IRQHandler)
    TIM_Base_SetConfig                       0x080030ad   Thumb Code    94  stm32f1xx_hal_tim.o(i.TIM_Base_SetConfig)
    TIM_ETR_SetConfig                        0x08003119   Thumb Code    20  stm32f1xx_hal_tim.o(i.TIM_ETR_SetConfig)
    UsageFault_Handler                       0x08003183   Thumb Code     2  stm32f1xx_it.o(i.UsageFault_Handler)
    __0sprintf$8                             0x08003185   Thumb Code    34  printf8.o(i.__0sprintf$8)
    __1sprintf$8                             0x08003185   Thumb Code     0  printf8.o(i.__0sprintf$8)
    __2sprintf                               0x08003185   Thumb Code     0  printf8.o(i.__0sprintf$8)
    __scatterload_copy                       0x080031cd   Thumb Code    14  handlers.o(i.__scatterload_copy)
    __scatterload_null                       0x080031db   Thumb Code     2  handlers.o(i.__scatterload_null)
    __scatterload_zeroinit                   0x080031dd   Thumb Code    14  handlers.o(i.__scatterload_zeroinit)
    confDS1307                               0x0800364d   Thumb Code    72  main.o(i.confDS1307)
    delay                                    0x080036a1   Thumb Code    18  main.o(i.delay)
    deleteBuffer                             0x080036b9   Thumb Code    28  flash.o(i.deleteBuffer)
    lcd_clear_display                        0x080036d5   Thumb Code     6  i2c-lcd.o(i.lcd_clear_display)
    lcd_goto_XY                              0x080036db   Thumb Code    22  i2c-lcd.o(i.lcd_goto_XY)
    lcd_init                                 0x080036f1   Thumb Code    90  i2c-lcd.o(i.lcd_init)
    lcd_send_cmd                             0x0800374d   Thumb Code    58  i2c-lcd.o(i.lcd_send_cmd)
    lcd_send_data                            0x0800378d   Thumb Code    58  i2c-lcd.o(i.lcd_send_data)
    lcd_send_string                          0x080037cd   Thumb Code    20  i2c-lcd.o(i.lcd_send_string)
    main                                     0x080037e1   Thumb Code    92  main.o(i.main)
    osDelay                                  0x0800385d   Thumb Code    14  cmsis_os.o(i.osDelay)
    osKernelStart                            0x0800386b   Thumb Code    10  cmsis_os.o(i.osKernelStart)
    osThreadCreate                           0x08003875   Thumb Code    84  cmsis_os.o(i.osThreadCreate)
    pvPortMalloc                             0x08003c0d   Thumb Code   210  heap_4.o(i.pvPortMalloc)
    pxPortInitialiseStack                    0x08003ce5   Thumb Code    32  port.o(i.pxPortInitialiseStack)
    uxListRemove                             0x08003d09   Thumb Code    38  list.o(i.uxListRemove)
    vApplicationGetIdleTaskMemory            0x08003d31   Thumb Code    16  freertos.o(i.vApplicationGetIdleTaskMemory)
    vListInitialise                          0x08003d45   Thumb Code    22  list.o(i.vListInitialise)
    vListInitialiseItem                      0x08003d5b   Thumb Code     6  list.o(i.vListInitialiseItem)
    vListInsert                              0x08003d61   Thumb Code    48  list.o(i.vListInsert)
    vListInsertEnd                           0x08003d91   Thumb Code    24  list.o(i.vListInsertEnd)
    vPortEnterCritical                       0x08003da9   Thumb Code    54  port.o(i.vPortEnterCritical)
    vPortExitCritical                        0x08003de9   Thumb Code    34  port.o(i.vPortExitCritical)
    vPortFree                                0x08003e11   Thumb Code    88  heap_4.o(i.vPortFree)
    vPortSetupTimerInterrupt                 0x08003e6d   Thumb Code    32  port.o(i.vPortSetupTimerInterrupt)
    vTaskDelay                               0x08003e91   Thumb Code    66  tasks.o(i.vTaskDelay)
    vTaskStartScheduler                      0x08003edd   Thumb Code    90  tasks.o(i.vTaskStartScheduler)
    vTaskSuspendAll                          0x08003f49   Thumb Code    10  tasks.o(i.vTaskSuspendAll)
    vTaskSwitchContext                       0x08003f59   Thumb Code    82  tasks.o(i.vTaskSwitchContext)
    xPortStartScheduler                      0x08003fb5   Thumb Code   154  port.o(i.xPortStartScheduler)
    xTaskCreate                              0x0800405d   Thumb Code    90  tasks.o(i.xTaskCreate)
    xTaskCreateStatic                        0x080040b7   Thumb Code    86  tasks.o(i.xTaskCreateStatic)
    xTaskIncrementTick                       0x0800410d   Thumb Code   192  tasks.o(i.xTaskIncrementTick)
    xTaskResumeAll                           0x080041d5   Thumb Code   182  tasks.o(i.xTaskResumeAll)
    AHBPrescTable                            0x080042b4   Data          16  system_stm32f1xx.o(.constdata)
    APBPrescTable                            0x080042c4   Data           8  system_stm32f1xx.o(.constdata)
    Region$$Table$$Base                      0x080042d8   Number         0  anon$$obj.o(Region$$Table)
    Region$$Table$$Limit                     0x080042f8   Number         0  anon$$obj.o(Region$$Table)
    Presence                                 0x20000000   Data           1  main.o(.data)
    Rh_byte1                                 0x20000001   Data           1  main.o(.data)
    Rh_byte2                                 0x20000002   Data           1  main.o(.data)
    Temp_byte1                               0x20000003   Data           1  main.o(.data)
    Temp_byte2                               0x20000004   Data           1  main.o(.data)
    SUM                                      0x20000006   Data           2  main.o(.data)
    RH                                       0x20000008   Data           2  main.o(.data)
    TEMP                                     0x2000000a   Data           2  main.o(.data)
    Temperature                              0x2000000c   Data           4  main.o(.data)
    Humidity                                 0x20000010   Data           4  main.o(.data)
    gio                                      0x20000014   Data           4  main.o(.data)
    phut                                     0x20000018   Data           4  main.o(.data)
    giay                                     0x2000001c   Data           4  main.o(.data)
    ngay                                     0x20000020   Data           4  main.o(.data)
    thang                                    0x20000024   Data           4  main.o(.data)
    nam                                      0x20000028   Data           4  main.o(.data)
    thu                                      0x2000002c   Data           4  main.o(.data)
    giosang                                  0x20000030   Data           4  main.o(.data)
    giotoi                                   0x20000034   Data           4  main.o(.data)
    nhietdo                                  0x20000038   Data           4  main.o(.data)
    doam                                     0x2000003c   Data           4  main.o(.data)
    defaultTaskHandle                        0x20000040   Data           4  main.o(.data)
    CardID                                   0x20000044   Data           5  main.o(.data)
    time                                     0x2000004a   Data           8  main.o(.data)
    lengthPage                               0x20000052   Data           1  flash.o(.data)
    uwTickFreq                               0x20000054   Data           1  stm32f1xx_hal.o(.data)
    uwTickPrio                               0x20000058   Data           4  stm32f1xx_hal.o(.data)
    uwTick                                   0x2000005c   Data           4  stm32f1xx_hal.o(.data)
    SystemCoreClock                          0x20000060   Data           4  system_stm32f1xx.o(.data)
    pxCurrentTCB                             0x20000064   Data           4  tasks.o(.data)
    hi2c1                                    0x200000c4   Data          84  main.o(.bss)
    hspi1                                    0x20000118   Data          88  main.o(.bss)
    htim2                                    0x20000170   Data          72  main.o(.bss)
    ds1307                                   0x200001b8   Data          20  main.o(.bss)
    i2c_handle                               0x200001cc   Data          84  main.o(.bss)
    str1                                     0x20000220   Data          20  main.o(.bss)
    str2                                     0x20000234   Data          20  main.o(.bss)
    Now                                      0x20000248   Data          20  main.o(.bss)
    dataOut                                  0x2000025c   Data         100  main.o(.bss)
    data                                     0x200002c0   Data         100  main.o(.bss)
    giosang2                                 0x20000324   Data          10  main.o(.bss)
    giotoi2                                  0x2000032e   Data          10  main.o(.bss)
    gio2                                     0x20000338   Data          10  main.o(.bss)
    phut2                                    0x20000342   Data          10  main.o(.bss)
    nhietdo2                                 0x2000034c   Data          10  main.o(.bss)
    doam2                                    0x20000356   Data          10  main.o(.bss)
    htim1                                    0x200005b4   Data          72  stm32f1xx_hal_timebase_tim.o(.bss)
    __initial_sp                             0x200016f0   Data           0  startup_stm32f103xb.o(STACK)



==============================================================================

Memory Map of the image

  Image Entry point : 0x080000ed

  Load Region LR_IROM1 (Base: 0x08000000, Size: 0x000043bc, Max: 0x00010000, ABSOLUTE)

    Execution Region ER_IROM1 (Exec base: 0x08000000, Load base: 0x08000000, Size: 0x000042f8, Max: 0x00010000, ABSOLUTE)

    Exec Addr    Load Addr    Size         Type   Attr      Idx    E Section Name        Object

    0x08000000   0x08000000   0x000000ec   Data   RO            3    RESET               startup_stm32f103xb.o
    0x080000ec   0x080000ec   0x00000000   Code   RO         4998  * .ARM.Collect$$$$00000000  mc_w.l(entry.o)
    0x080000ec   0x080000ec   0x00000004   Code   RO         5276    .ARM.Collect$$$$00000001  mc_w.l(entry2.o)
    0x080000f0   0x080000f0   0x00000004   Code   RO         5279    .ARM.Collect$$$$00000004  mc_w.l(entry5.o)
    0x080000f4   0x080000f4   0x00000000   Code   RO         5281    .ARM.Collect$$$$00000008  mc_w.l(entry7b.o)
    0x080000f4   0x080000f4   0x00000000   Code   RO         5283    .ARM.Collect$$$$0000000A  mc_w.l(entry8b.o)
    0x080000f4   0x080000f4   0x00000008   Code   RO         5284    .ARM.Collect$$$$0000000B  mc_w.l(entry9a.o)
    0x080000fc   0x080000fc   0x00000004   Code   RO         5291    .ARM.Collect$$$$0000000E  mc_w.l(entry12b.o)
    0x08000100   0x08000100   0x00000000   Code   RO         5286    .ARM.Collect$$$$0000000F  mc_w.l(entry10a.o)
    0x08000100   0x08000100   0x00000000   Code   RO         5288    .ARM.Collect$$$$00000011  mc_w.l(entry11a.o)
    0x08000100   0x08000100   0x00000004   Code   RO         5277    .ARM.Collect$$$$00002712  mc_w.l(entry2.o)
    0x08000104   0x08000104   0x00000096   Code   RO         4921    .emb_text           port.o
    0x0800019a   0x0800019a   0x00000002   PAD
    0x0800019c   0x0800019c   0x00000024   Code   RO            4    .text               startup_stm32f103xb.o
    0x080001c0   0x080001c0   0x00000020   Code   RO         5001    .text               mc_w.l(llushr.o)
    0x080001e0   0x080001e0   0x00000024   Code   RO         5003    .text               mc_w.l(memcpya.o)
    0x08000204   0x08000204   0x00000024   Code   RO         5007    .text               mc_w.l(memseta.o)
    0x08000228   0x08000228   0x0000000e   Code   RO         5009    .text               mc_w.l(strlen.o)
    0x08000236   0x08000236   0x0000001c   Code   RO         5011    .text               mc_w.l(strcmp.o)
    0x08000252   0x08000252   0x00000062   Code   RO         5297    .text               mc_w.l(uldiv.o)
    0x080002b4   0x080002b4   0x00000024   Code   RO         5310    .text               mc_w.l(init.o)
    0x080002d8   0x080002d8   0x0000001e   Code   RO         5313    .text               mc_w.l(llshl.o)
    0x080002f6   0x080002f6   0x00000002   Code   RO          423    i.BusFault_Handler  stm32f1xx_it.o
    0x080002f8   0x080002f8   0x00000044   Code   RO           13    i.DHT11_Check_Response  main.o
    0x0800033c   0x0800033c   0x0000005c   Code   RO           14    i.DHT11_Read        main.o
    0x08000398   0x08000398   0x00000054   Code   RO           15    i.DHT11_Start       main.o
    0x080003ec   0x080003ec   0x00000072   Code   RO          594    i.DS1307_ClockResume  ds1307.o
    0x0800045e   0x0800045e   0x00000028   Code   RO          596    i.DS1307_EnableSquareWave  ds1307.o
    0x08000486   0x08000486   0x00000116   Code   RO          597    i.DS1307_GetTime    ds1307.o
    0x0800059c   0x0800059c   0x0000003c   Code   RO          598    i.DS1307_Init       ds1307.o
    0x080005d8   0x080005d8   0x00000030   Code   RO          599    i.DS1307_SelectRate  ds1307.o
    0x08000608   0x08000608   0x00000162   Code   RO          600    i.DS1307_SetTime    ds1307.o
    0x0800076a   0x0800076a   0x00000030   Code   RO          601    i.DS1307_WaitUntilReady  ds1307.o
    0x0800079a   0x0800079a   0x00000044   Code   RO          602    i.DS1307_getControlRegister  ds1307.o
    0x080007de   0x080007de   0x00000002   PAD
    0x080007e0   0x080007e0   0x00000040   Code   RO          603    i.DS1307_setControlRegister  ds1307.o
    0x08000820   0x08000820   0x00000002   Code   RO          424    i.DebugMon_Handler  stm32f1xx_it.o
    0x08000822   0x08000822   0x00000002   PAD
    0x08000824   0x08000824   0x00000038   Code   RO          882    i.Flash_Erase       flash.o
    0x0800085c   0x0800085c   0x00000050   Code   RO          884    i.Flash_ProgramPage  flash.o
    0x080008ac   0x080008ac   0x0000003e   Code   RO          885    i.Flash_ReadChar    flash.o
    0x080008ea   0x080008ea   0x00000002   PAD
    0x080008ec   0x080008ec   0x00000058   Code   RO          888    i.Flash_Write_Char  flash.o
    0x08000944   0x08000944   0x00000024   Code   RO          997    i.HAL_Delay         stm32f1xx_hal.o
    0x08000968   0x08000968   0x00000028   Code   RO         1718    i.HAL_FLASH_Unlock  stm32f1xx_hal_flash.o
    0x08000990   0x08000990   0x000001e0   Code   RO         1305    i.HAL_GPIO_Init     stm32f1xx_hal_gpio.o
    0x08000b70   0x08000b70   0x0000000a   Code   RO         1307    i.HAL_GPIO_ReadPin  stm32f1xx_hal_gpio.o
    0x08000b7a   0x08000b7a   0x00000010   Code   RO         1308    i.HAL_GPIO_TogglePin  stm32f1xx_hal_gpio.o
    0x08000b8a   0x08000b8a   0x0000000a   Code   RO         1309    i.HAL_GPIO_WritePin  stm32f1xx_hal_gpio.o
    0x08000b94   0x08000b94   0x0000000c   Code   RO         1001    i.HAL_GetTick       stm32f1xx_hal.o
    0x08000ba0   0x08000ba0   0x00000006   Code   RO         1975    i.HAL_I2C_GetState  stm32f1xx_hal_i2c.o
    0x08000ba6   0x08000ba6   0x00000002   PAD
    0x08000ba8   0x08000ba8   0x00000188   Code   RO         1976    i.HAL_I2C_Init      stm32f1xx_hal_i2c.o
    0x08000d30   0x08000d30   0x00000244   Code   RO         1982    i.HAL_I2C_Master_Receive  stm32f1xx_hal_i2c.o
    0x08000f74   0x08000f74   0x0000012c   Code   RO         1989    i.HAL_I2C_Master_Transmit  stm32f1xx_hal_i2c.o
    0x080010a0   0x080010a0   0x0000005c   Code   RO          495    i.HAL_I2C_MspInit   stm32f1xx_hal_msp.o
    0x080010fc   0x080010fc   0x00000010   Code   RO         1007    i.HAL_IncTick       stm32f1xx_hal.o
    0x0800110c   0x0800110c   0x00000024   Code   RO         1008    i.HAL_Init          stm32f1xx_hal.o
    0x08001130   0x08001130   0x00000074   Code   RO          554    i.HAL_InitTick      stm32f1xx_hal_timebase_tim.o
    0x080011a4   0x080011a4   0x00000048   Code   RO          496    i.HAL_MspInit       stm32f1xx_hal_msp.o
    0x080011ec   0x080011ec   0x0000001a   Code   RO         1465    i.HAL_NVIC_EnableIRQ  stm32f1xx_hal_cortex.o
    0x08001206   0x08001206   0x00000002   PAD
    0x08001208   0x08001208   0x00000040   Code   RO         1471    i.HAL_NVIC_SetPriority  stm32f1xx_hal_cortex.o
    0x08001248   0x08001248   0x00000024   Code   RO         1472    i.HAL_NVIC_SetPriorityGrouping  stm32f1xx_hal_cortex.o
    0x0800126c   0x0800126c   0x0000012c   Code   RO         1165    i.HAL_RCC_ClockConfig  stm32f1xx_hal_rcc.o
    0x08001398   0x08001398   0x00000040   Code   RO         1169    i.HAL_RCC_GetClockConfig  stm32f1xx_hal_rcc.o
    0x080013d8   0x080013d8   0x00000020   Code   RO         1172    i.HAL_RCC_GetPCLK1Freq  stm32f1xx_hal_rcc.o
    0x080013f8   0x080013f8   0x00000020   Code   RO         1173    i.HAL_RCC_GetPCLK2Freq  stm32f1xx_hal_rcc.o
    0x08001418   0x08001418   0x0000006c   Code   RO         1174    i.HAL_RCC_GetSysClockFreq  stm32f1xx_hal_rcc.o
    0x08001484   0x08001484   0x00000320   Code   RO         1177    i.HAL_RCC_OscConfig  stm32f1xx_hal_rcc.o
    0x080017a4   0x080017a4   0x000000b2   Code   RO         2403    i.HAL_SPI_Init      stm32f1xx_hal_spi.o
    0x08001856   0x08001856   0x00000002   PAD
    0x08001858   0x08001858   0x00000070   Code   RO          498    i.HAL_SPI_MspInit   stm32f1xx_hal_msp.o
    0x080018c8   0x080018c8   0x000001e2   Code   RO         2412    i.HAL_SPI_TransmitReceive  stm32f1xx_hal_spi.o
    0x08001aaa   0x08001aaa   0x00000002   Code   RO         3420    i.HAL_TIMEx_BreakCallback  stm32f1xx_hal_tim_ex.o
    0x08001aac   0x08001aac   0x00000002   Code   RO         3421    i.HAL_TIMEx_CommutCallback  stm32f1xx_hal_tim_ex.o
    0x08001aae   0x08001aae   0x00000002   PAD
    0x08001ab0   0x08001ab0   0x00000068   Code   RO         3439    i.HAL_TIMEx_MasterConfigSynchronization  stm32f1xx_hal_tim_ex.o
    0x08001b18   0x08001b18   0x0000005a   Code   RO         2716    i.HAL_TIM_Base_Init  stm32f1xx_hal_tim.o
    0x08001b72   0x08001b72   0x00000002   PAD
    0x08001b74   0x08001b74   0x00000024   Code   RO          500    i.HAL_TIM_Base_MspInit  stm32f1xx_hal_msp.o
    0x08001b98   0x08001b98   0x00000050   Code   RO         2719    i.HAL_TIM_Base_Start  stm32f1xx_hal_tim.o
    0x08001be8   0x08001be8   0x00000058   Code   RO         2721    i.HAL_TIM_Base_Start_IT  stm32f1xx_hal_tim.o
    0x08001c40   0x08001c40   0x000000d6   Code   RO         2725    i.HAL_TIM_ConfigClockSource  stm32f1xx_hal_tim.o
    0x08001d16   0x08001d16   0x00000002   Code   RO         2750    i.HAL_TIM_IC_CaptureCallback  stm32f1xx_hal_tim.o
    0x08001d18   0x08001d18   0x00000166   Code   RO         2764    i.HAL_TIM_IRQHandler  stm32f1xx_hal_tim.o
    0x08001e7e   0x08001e7e   0x00000002   Code   RO         2767    i.HAL_TIM_OC_DelayElapsedCallback  stm32f1xx_hal_tim.o
    0x08001e80   0x08001e80   0x00000002   Code   RO         2794    i.HAL_TIM_PWM_PulseFinishedCallback  stm32f1xx_hal_tim.o
    0x08001e82   0x08001e82   0x00000002   PAD
    0x08001e84   0x08001e84   0x00000014   Code   RO           17    i.HAL_TIM_PeriodElapsedCallback  main.o
    0x08001e98   0x08001e98   0x00000002   Code   RO         2807    i.HAL_TIM_TriggerCallback  stm32f1xx_hal_tim.o
    0x08001e9a   0x08001e9a   0x00000002   Code   RO          425    i.HardFault_Handler  stm32f1xx_it.o
    0x08001e9c   0x08001e9c   0x0000002e   Code   RO         2018    i.I2C_IsAcknowledgeFailed  stm32f1xx_hal_i2c.o
    0x08001eca   0x08001eca   0x00000002   PAD
    0x08001ecc   0x08001ecc   0x000000ec   Code   RO         2021    i.I2C_MasterRequestRead  stm32f1xx_hal_i2c.o
    0x08001fb8   0x08001fb8   0x0000009c   Code   RO         2022    i.I2C_MasterRequestWrite  stm32f1xx_hal_i2c.o
    0x08002054   0x08002054   0x0000004c   Code   RO         2032    i.I2C_WaitOnBTFFlagUntilTimeout  stm32f1xx_hal_i2c.o
    0x080020a0   0x080020a0   0x00000068   Code   RO         2033    i.I2C_WaitOnFlagUntilTimeout  stm32f1xx_hal_i2c.o
    0x08002108   0x08002108   0x00000096   Code   RO         2034    i.I2C_WaitOnMasterAddressFlagUntilTimeout  stm32f1xx_hal_i2c.o
    0x0800219e   0x0800219e   0x00000066   Code   RO         2035    i.I2C_WaitOnRXNEFlagUntilTimeout  stm32f1xx_hal_i2c.o
    0x08002204   0x08002204   0x0000004c   Code   RO         2036    i.I2C_WaitOnTXEFlagUntilTimeout  stm32f1xx_hal_i2c.o
    0x08002250   0x08002250   0x0000001a   Code   RO          739    i.MFRC522_AntennaOn  rc522.o
    0x0800226a   0x0800226a   0x00000042   Code   RO          740    i.MFRC522_Anticoll  rc522.o
    0x080022ac   0x080022ac   0x0000005e   Code   RO          742    i.MFRC522_CalculateCRC  rc522.o
    0x0800230a   0x0800230a   0x00000020   Code   RO          743    i.MFRC522_Check     rc522.o
    0x0800232a   0x0800232a   0x00000018   Code   RO          744    i.MFRC522_ClearBitMask  rc522.o
    0x08002342   0x08002342   0x0000002c   Code   RO          746    i.MFRC522_Halt      rc522.o
    0x0800236e   0x0800236e   0x00000046   Code   RO          747    i.MFRC522_Init      rc522.o
    0x080023b4   0x080023b4   0x0000000e   Code   RO          749    i.MFRC522_ReadRegister  rc522.o
    0x080023c2   0x080023c2   0x0000002e   Code   RO          750    i.MFRC522_Request   rc522.o
    0x080023f0   0x080023f0   0x00000008   Code   RO          751    i.MFRC522_Reset     rc522.o
    0x080023f8   0x080023f8   0x00000018   Code   RO          753    i.MFRC522_SetBitMask  rc522.o
    0x08002410   0x08002410   0x00000114   Code   RO          754    i.MFRC522_ToCard    rc522.o
    0x08002524   0x08002524   0x0000000a   Code   RO          756    i.MFRC522_WriteRegister  rc522.o
    0x0800252e   0x0800252e   0x00000002   PAD
    0x08002530   0x08002530   0x000000cc   Code   RO           18    i.MX_GPIO_Init      main.o
    0x080025fc   0x080025fc   0x00000038   Code   RO           19    i.MX_SPI1_Init      main.o
    0x08002634   0x08002634   0x00000050   Code   RO           20    i.MX_TIM2_Init      main.o
    0x08002684   0x08002684   0x00000002   Code   RO          426    i.MemManage_Handler  stm32f1xx_it.o
    0x08002686   0x08002686   0x00000002   Code   RO          427    i.NMI_Handler       stm32f1xx_it.o
    0x08002688   0x08002688   0x00000020   Code   RO          757    i.SPI1SendByte      rc522.o
    0x080026a8   0x080026a8   0x00000030   Code   RO          758    i.SPI1_ReadReg      rc522.o
    0x080026d8   0x080026d8   0x00000030   Code   RO          759    i.SPI1_WriteReg     rc522.o
    0x08002708   0x08002708   0x00000020   Code   RO         2441    i.SPI_EndRxTxTransaction  stm32f1xx_hal_spi.o
    0x08002728   0x08002728   0x000000b8   Code   RO         2446    i.SPI_WaitFlagStateUntilTimeout  stm32f1xx_hal_spi.o
    0x080027e0   0x080027e0   0x00000014   Code   RO           21    i.Set_Pin_Input     main.o
    0x080027f4   0x080027f4   0x00000018   Code   RO           22    i.Set_Pin_Output    main.o
    0x0800280c   0x0800280c   0x00000818   Code   RO           23    i.StartDefaultTask  main.o
    0x08003024   0x08003024   0x0000002c   Code   RO         4922    i.SysTick_Handler   port.o
    0x08003050   0x08003050   0x0000004e   Code   RO           24    i.SystemClock_Config  main.o
    0x0800309e   0x0800309e   0x00000002   Code   RO         3688    i.SystemInit        system_stm32f1xx.o
    0x080030a0   0x080030a0   0x0000000c   Code   RO          428    i.TIM1_UP_IRQHandler  stm32f1xx_it.o
    0x080030ac   0x080030ac   0x0000006c   Code   RO         2809    i.TIM_Base_SetConfig  stm32f1xx_hal_tim.o
    0x08003118   0x08003118   0x00000014   Code   RO         2820    i.TIM_ETR_SetConfig  stm32f1xx_hal_tim.o
    0x0800312c   0x0800312c   0x00000010   Code   RO         2821    i.TIM_ITRx_SetConfig  stm32f1xx_hal_tim.o
    0x0800313c   0x0800313c   0x00000022   Code   RO         2827    i.TIM_TI1_ConfigInputStage  stm32f1xx_hal_tim.o
    0x0800315e   0x0800315e   0x00000024   Code   RO         2829    i.TIM_TI2_ConfigInputStage  stm32f1xx_hal_tim.o
    0x08003182   0x08003182   0x00000002   Code   RO          429    i.UsageFault_Handler  stm32f1xx_it.o
    0x08003184   0x08003184   0x00000028   Code   RO         5224    i.__0sprintf$8      mc_w.l(printf8.o)
    0x080031ac   0x080031ac   0x00000020   Code   RO         1478    i.__NVIC_SetPriority  stm32f1xx_hal_cortex.o
    0x080031cc   0x080031cc   0x0000000e   Code   RO         5322    i.__scatterload_copy  mc_w.l(handlers.o)
    0x080031da   0x080031da   0x00000002   Code   RO         5323    i.__scatterload_null  mc_w.l(handlers.o)
    0x080031dc   0x080031dc   0x0000000e   Code   RO         5324    i.__scatterload_zeroinit  mc_w.l(handlers.o)
    0x080031ea   0x080031ea   0x00000002   PAD
    0x080031ec   0x080031ec   0x00000404   Code   RO         5229    i._printf_core      mc_w.l(printf8.o)
    0x080035f0   0x080035f0   0x00000024   Code   RO         5230    i._printf_post_padding  mc_w.l(printf8.o)
    0x08003614   0x08003614   0x0000002e   Code   RO         5231    i._printf_pre_padding  mc_w.l(printf8.o)
    0x08003642   0x08003642   0x0000000a   Code   RO         5233    i._sputc            mc_w.l(printf8.o)
    0x0800364c   0x0800364c   0x00000054   Code   RO           25    i.confDS1307        main.o
    0x080036a0   0x080036a0   0x00000018   Code   RO           26    i.delay             main.o
    0x080036b8   0x080036b8   0x0000001c   Code   RO          890    i.deleteBuffer      flash.o
    0x080036d4   0x080036d4   0x00000006   Code   RO          680    i.lcd_clear_display  i2c-lcd.o
    0x080036da   0x080036da   0x00000016   Code   RO          681    i.lcd_goto_XY       i2c-lcd.o
    0x080036f0   0x080036f0   0x0000005a   Code   RO          682    i.lcd_init          i2c-lcd.o
    0x0800374a   0x0800374a   0x00000002   PAD
    0x0800374c   0x0800374c   0x00000040   Code   RO          683    i.lcd_send_cmd      i2c-lcd.o
    0x0800378c   0x0800378c   0x00000040   Code   RO          684    i.lcd_send_data     i2c-lcd.o
    0x080037cc   0x080037cc   0x00000014   Code   RO          685    i.lcd_send_string   i2c-lcd.o
    0x080037e0   0x080037e0   0x00000070   Code   RO           27    i.main              main.o
    0x08003850   0x08003850   0x0000000c   Code   RO         4490    i.makeFreeRtosPriority  cmsis_os.o
    0x0800385c   0x0800385c   0x0000000e   Code   RO         4492    i.osDelay           cmsis_os.o
    0x0800386a   0x0800386a   0x0000000a   Code   RO         4495    i.osKernelStart     cmsis_os.o
    0x08003874   0x08003874   0x00000054   Code   RO         4529    i.osThreadCreate    cmsis_os.o
    0x080038c8   0x080038c8   0x00000070   Code   RO         4187    i.prvAddCurrentTaskToDelayedList  tasks.o
    0x08003938   0x08003938   0x000000d0   Code   RO         4188    i.prvAddNewTaskToReadyList  tasks.o
    0x08003a08   0x08003a08   0x00000034   Code   RO         4189    i.prvDeleteTCB      tasks.o
    0x08003a3c   0x08003a3c   0x0000004c   Code   RO         4860    i.prvHeapInit       heap_4.o
    0x08003a88   0x08003a88   0x00000060   Code   RO         4190    i.prvIdleTask       tasks.o
    0x08003ae8   0x08003ae8   0x0000008e   Code   RO         4191    i.prvInitialiseNewTask  tasks.o
    0x08003b76   0x08003b76   0x00000002   PAD
    0x08003b78   0x08003b78   0x0000004c   Code   RO         4861    i.prvInsertBlockIntoFreeList  heap_4.o
    0x08003bc4   0x08003bc4   0x00000020   Code   RO         4192    i.prvResetNextTaskUnblockTime  tasks.o
    0x08003be4   0x08003be4   0x00000028   Code   RO         4923    i.prvTaskExitError  port.o
    0x08003c0c   0x08003c0c   0x000000d8   Code   RO         4862    i.pvPortMalloc      heap_4.o
    0x08003ce4   0x08003ce4   0x00000024   Code   RO         4924    i.pxPortInitialiseStack  port.o
    0x08003d08   0x08003d08   0x00000026   Code   RO         3829    i.uxListRemove      list.o
    0x08003d2e   0x08003d2e   0x00000002   PAD
    0x08003d30   0x08003d30   0x00000014   Code   RO          285    i.vApplicationGetIdleTaskMemory  freertos.o
    0x08003d44   0x08003d44   0x00000016   Code   RO         3830    i.vListInitialise   list.o
    0x08003d5a   0x08003d5a   0x00000006   Code   RO         3831    i.vListInitialiseItem  list.o
    0x08003d60   0x08003d60   0x00000030   Code   RO         3832    i.vListInsert       list.o
    0x08003d90   0x08003d90   0x00000018   Code   RO         3833    i.vListInsertEnd    list.o
    0x08003da8   0x08003da8   0x00000040   Code   RO         4926    i.vPortEnterCritical  port.o
    0x08003de8   0x08003de8   0x00000028   Code   RO         4927    i.vPortExitCritical  port.o
    0x08003e10   0x08003e10   0x0000005c   Code   RO         4863    i.vPortFree         heap_4.o
    0x08003e6c   0x08003e6c   0x00000024   Code   RO         4928    i.vPortSetupTimerInterrupt  port.o
    0x08003e90   0x08003e90   0x0000004c   Code   RO         4200    i.vTaskDelay        tasks.o
    0x08003edc   0x08003edc   0x0000006c   Code   RO         4213    i.vTaskStartScheduler  tasks.o
    0x08003f48   0x08003f48   0x00000010   Code   RO         4215    i.vTaskSuspendAll   tasks.o
    0x08003f58   0x08003f58   0x0000005c   Code   RO         4216    i.vTaskSwitchContext  tasks.o
    0x08003fb4   0x08003fb4   0x000000a8   Code   RO         4930    i.xPortStartScheduler  port.o
    0x0800405c   0x0800405c   0x0000005a   Code   RO         4218    i.xTaskCreate       tasks.o
    0x080040b6   0x080040b6   0x00000056   Code   RO         4219    i.xTaskCreateStatic  tasks.o
    0x0800410c   0x0800410c   0x000000c8   Code   RO         4226    i.xTaskIncrementTick  tasks.o
    0x080041d4   0x080041d4   0x000000c4   Code   RO         4232    i.xTaskResumeAll    tasks.o
    0x08004298   0x08004298   0x0000001c   Data   RO           37    .constdata          main.o
    0x080042b4   0x080042b4   0x00000010   Data   RO         3689    .constdata          system_stm32f1xx.o
    0x080042c4   0x080042c4   0x00000008   Data   RO         3690    .constdata          system_stm32f1xx.o
    0x080042cc   0x080042cc   0x0000000c   Data   RO           38    .conststring        main.o
    0x080042d8   0x080042d8   0x00000020   Data   RO         5320    Region$$Table       anon$$obj.o


    Execution Region RW_IRAM1 (Exec base: 0x20000000, Load base: 0x080042f8, Size: 0x000016f0, Max: 0x00005000, ABSOLUTE)

    Exec Addr    Load Addr    Size         Type   Attr      Idx    E Section Name        Object

    0x20000000   0x080042f8   0x00000052   Data   RW           40    .data               main.o
    0x20000052   0x0800434a   0x00000001   Data   RW          891    .data               flash.o
    0x20000053   0x0800434b   0x00000001   PAD
    0x20000054   0x0800434c   0x0000000c   Data   RW         1015    .data               stm32f1xx_hal.o
    0x20000060   0x08004358   0x00000004   Data   RW         3691    .data               system_stm32f1xx.o
    0x20000064   0x0800435c   0x0000003c   Data   RW         4235    .data               tasks.o
    0x200000a0   0x08004398   0x00000018   Data   RW         4868    .data               heap_4.o
    0x200000b8   0x080043b0   0x0000000c   Data   RW         4931    .data               port.o
    0x200000c4        -       0x0000029c   Zero   RW           28    .bss                main.o
    0x20000360        -       0x00000254   Zero   RW          286    .bss                freertos.o
    0x200005b4        -       0x00000048   Zero   RW          557    .bss                stm32f1xx_hal_timebase_tim.o
    0x200005fc        -       0x000000f0   Zero   RW         4234    .bss                tasks.o
    0x200006ec        -       0x00000c00   Zero   RW         4867    .bss                heap_4.o
    0x200012ec   0x080043bc   0x00000004   PAD
    0x200012f0        -       0x00000400   Zero   RW            1    STACK               startup_stm32f103xb.o


==============================================================================

Image component sizes


      Code (inc. data)   RO Data    RW Data    ZI Data      Debug   Object Name

       120          0          0          0          0      24917   cmsis_os.o
      1074          6          0          0          0       7595   ds1307.o
         0          0          0          0          0      20712   event_groups.o
       314         26          0          1          0       4145   flash.o
        20          4          0          0        596     443020   freertos.o
       460         24          0         24       3072       7303   heap_4.o
       266         12          0          0          0       3230   i2c-lcd.o
       138          0          0          0          0       3454   list.o
      3018        430         40         82        668     469758   main.o
       578         60          0         12          0      10452   port.o
         0          0          0          0          0       2488   queue.o
       862         12          0          0          0       9988   rc522.o
        36          8        236          0       1024        812   startup_stm32f103xb.o
       100         18          0         12          0       5318   stm32f1xx_hal.o
       158         14          0          0          0      28230   stm32f1xx_hal_cortex.o
        40         12          0          0          0        607   stm32f1xx_hal_flash.o
       516         34          0          0          0       4172   stm32f1xx_hal_gpio.o
      2224         54          0          0          0      12997   stm32f1xx_hal_i2c.o
       312         42          0          0          0       2865   stm32f1xx_hal_msp.o
      1336        110          0          0          0       5889   stm32f1xx_hal_rcc.o
       876          4          0          0          0       4745   stm32f1xx_hal_spi.o
      1052         40          0          0          0      10454   stm32f1xx_hal_tim.o
       108         12          0          0          0       2409   stm32f1xx_hal_tim_ex.o
       116         18          0          0         72       1447   stm32f1xx_hal_timebase_tim.o
        24          6          0          0          0       3094   stm32f1xx_it.o
         0          0          0          0          0        392   stream_buffer.o
         2          0         24          4          0       1143   system_stm32f1xx.o
      1506        110          0         60        240      16278   tasks.o

    ----------------------------------------------------------------------
     15286       1056        332        196       5676    1107914   Object Totals
         0          0         32          0          0          0   (incl. Generated)
        30          0          0          1          4          0   (incl. Padding)

    ----------------------------------------------------------------------

      Code (inc. data)   RO Data    RW Data    ZI Data      Debug   Library Member Name

         0          0          0          0          0          0   entry.o
         0          0          0          0          0          0   entry10a.o
         0          0          0          0          0          0   entry11a.o
         4          0          0          0          0          0   entry12b.o
         8          4          0          0          0          0   entry2.o
         4          0          0          0          0          0   entry5.o
         0          0          0          0          0          0   entry7b.o
         0          0          0          0          0          0   entry8b.o
         8          4          0          0          0          0   entry9a.o
        30          0          0          0          0          0   handlers.o
        36          8          0          0          0         68   init.o
        30          0          0          0          0         68   llshl.o
        32          0          0          0          0         68   llushr.o
        36          0          0          0          0         68   memcpya.o
        36          0          0          0          0        108   memseta.o
      1160         50          0          0          0        420   printf8.o
        28          0          0          0          0         76   strcmp.o
        14          0          0          0          0         68   strlen.o
        98          0          0          0          0         92   uldiv.o

    ----------------------------------------------------------------------
      1526         66          0          0          0       1036   Library Totals
         2          0          0          0          0          0   (incl. Padding)

    ----------------------------------------------------------------------

      Code (inc. data)   RO Data    RW Data    ZI Data      Debug   Library Name

      1524         66          0          0          0       1036   mc_w.l

    ----------------------------------------------------------------------
      1526         66          0          0          0       1036   Library Totals

    ----------------------------------------------------------------------

==============================================================================


      Code (inc. data)   RO Data    RW Data    ZI Data      Debug   

     16812       1122        332        196       5676    1100990   Grand Totals
     16812       1122        332        196       5676    1100990   ELF Image Totals
     16812       1122        332        196          0          0   ROM Totals

==============================================================================

    Total RO  Size (Code + RO Data)                17144 (  16.74kB)
    Total RW  Size (RW Data + ZI Data)              5872 (   5.73kB)
    Total ROM Size (Code + RO Data + RW Data)      17340 (  16.93kB)

==============================================================================

